{
  "events": [
    {
      "corresponding_patent": null,
      "corresponding_patent_publication_date": null,
      "country_code": "US",
      "date_extension_granted": null,
      "date_of_withdrawal": null,
      "designated_states": null,
      "document_number": "US201815919370A",
      "effective_date": null,
      "event_code": "US.AS",
      "event_country": null,
      "event_date": "2018-03-14",
      "event_description": "ASSIGNMENT",
      "expiry": null,
      "extension_name": null,
      "extension_states": null,
      "filing_or_publication": "F",
      "free_text": "ASSIGNMENT OF ASSIGNORS INTEREST;ASSIGNORS:GETZLAF, DONALD;DEVLIN, DAVID;BRADEN, DOUGLAS;AND OTHERS;SIGNING DATES FROM 20131127 TO 20131210;REEL/FRAME:045210/0369",
      "inventor_name": null,
      "ip_type": "Patent of Invention",
      "ipc_class": null,
      "metadata": {
        "docdb_integer": null,
        "docdb_publication_number": null,
        "epo_created_date": "2018-07-28",
        "status_of_data": null,
        "subscriber_exchange_date": "2018-07-28"
      },
      "name_of_requester": null,
      "new_owner_name": "NCS OILFIELD SERVICES CANADA, INC., CANADA",
      "opponent_name": null,
      "payment_date": null,
      "publication_language": null,
      "regional_event_code": null,
      "representative_name": null,
      "spc_filing_date": null,
      "spc_number": null,
      "text_record": "US201815919370A 2018-03-14AS ASSIGNMENT OWNER NCS OILFIELD SERVICES CANADA, INC., CANADA\nUS201815919370A 2018-03-14AS ASSIGNMENT Free Format Text ASSIGNMENT OF ASSIGNORS INTEREST;ASSIGNORS:GETZLAF, DONALD;DEVLIN, DAVID;BRADEN, DOUGLAS;AND OTHERS;SIGNING DATES FROM 20131127 TO 20131210;REEL/FRAME:045210/0369",
      "year_of_fee_payment": null
    },
    {
      "corresponding_patent": null,
      "corresponding_patent_publication_date": null,
      "country_code": "US",
      "date_extension_granted": null,
      "date_of_withdrawal": null,
      "designated_states": null,
      "document_number": "US201815919370A",
      "effective_date": "2014-12-04",
      "event_code": "US.AS",
      "event_country": null,
      "event_date": "2018-03-14",
      "event_description": "ASSIGNMENT",
      "expiry": null,
      "extension_name": null,
      "extension_states": null,
      "filing_or_publication": "F",
      "free_text": "CHANGE OF NAME;ASSIGNOR:NCS OILFIELD SERVICES CANADA, INC.;REEL/FRAME:045829/0888",
      "inventor_name": null,
      "ip_type": "Patent of Invention",
      "ipc_class": null,
      "metadata": {
        "docdb_integer": null,
        "docdb_publication_number": null,
        "epo_created_date": "2018-07-28",
        "status_of_data": null,
        "subscriber_exchange_date": "2018-07-28"
      },
      "name_of_requester": null,
      "new_owner_name": "NCS MULTISTAGE, INC., CANADA",
      "opponent_name": null,
      "payment_date": null,
      "publication_language": null,
      "regional_event_code": null,
      "representative_name": null,
      "spc_filing_date": null,
      "spc_number": null,
      "text_record": "US201815919370A 2018-03-14AS ASSIGNMENT OWNER NCS MULTISTAGE, INC., CANADA\nUS201815919370A 2018-03-14AS ASSIGNMENT Free Format Text CHANGE OF NAME;ASSIGNOR:NCS OILFIELD SERVICES CANADA, INC.;REEL/FRAME:045829/0888\nUS201815919370A 2018-03-14AS ASSIGNMENT Effective DATE 20141204",
      "year_of_fee_payment": null
    },
    {
      "corresponding_patent": null,
      "corresponding_patent_publication_date": null,
      "country_code": "US",
      "date_extension_granted": null,
      "date_of_withdrawal": null,
      "designated_states": null,
      "document_number": "US201815919370A",
      "effective_date": null,
      "event_code": "US.STPP",
      "event_country": null,
      "event_date": "2019-03-07",
      "event_description": "INFORMATION ON STATUS: PATENT APPLICATION AND GRANTING PROCEDURE IN GENERAL",
      "expiry": null,
      "extension_name": null,
      "extension_states": null,
      "filing_or_publication": "F",
      "free_text": "NON FINAL ACTION MAILED",
      "inventor_name": null,
      "ip_type": "Patent of Invention",
      "ipc_class": null,
      "metadata": {
        "docdb_integer": null,
        "docdb_publication_number": null,
        "epo_created_date": "2019-05-25",
        "status_of_data": null,
        "subscriber_exchange_date": "2019-05-25"
      },
      "name_of_requester": null,
      "new_owner_name": null,
      "opponent_name": null,
      "payment_date": null,
      "publication_language": null,
      "regional_event_code": null,
      "representative_name": null,
      "spc_filing_date": null,
      "spc_number": null,
      "text_record": "US201815919370A 2019-03-07STPP INFORMATION ON STATUS: PATENT APPLICATION AND GRANTING PROCEDURE IN GENERAL Free Format Text NON FINAL ACTION MAILED",
      "year_of_fee_payment": null
    },
    {
      "corresponding_patent": null,
      "corresponding_patent_publication_date": null,
      "country_code": "US",
      "date_extension_granted": null,
      "date_of_withdrawal": null,
      "designated_states": null,
      "document_number": "US201815919370A",
      "effective_date": null,
      "event_code": "US.STPP",
      "event_country": null,
      "event_date": "2019-06-18",
      "event_description": "INFORMATION ON STATUS: PATENT APPLICATION AND GRANTING PROCEDURE IN GENERAL",
      "expiry": null,
      "extension_name": null,
      "extension_states": null,
      "filing_or_publication": "F",
      "free_text": "RESPONSE TO NON-FINAL OFFICE ACTION ENTERED AND FORWARDED TO EXAMINER",
      "inventor_name": null,
      "ip_type": "Patent of Invention",
      "ipc_class": null,
      "metadata": {
        "docdb_integer": null,
        "docdb_publication_number": null,
        "epo_created_date": "2019-06-29",
        "status_of_data": null,
        "subscriber_exchange_date": "2019-06-29"
      },
      "name_of_requester": null,
      "new_owner_name": null,
      "opponent_name": null,
      "payment_date": null,
      "publication_language": null,
      "regional_event_code": null,
      "representative_name": null,
      "spc_filing_date": null,
      "spc_number": null,
      "text_record": "US201815919370A 2019-06-18STPP INFORMATION ON STATUS: PATENT APPLICATION AND GRANTING PROCEDURE IN GENERAL Free Format Text RESPONSE TO NON-FINAL OFFICE ACTION ENTERED AND FORWARDED TO EXAMINER",
      "year_of_fee_payment": null
    },
    {
      "corresponding_patent": null,
      "corresponding_patent_publication_date": null,
      "country_code": "US",
      "date_extension_granted": null,
      "date_of_withdrawal": null,
      "designated_states": null,
      "document_number": "US201815919370A",
      "effective_date": null,
      "event_code": "US.STPP",
      "event_country": null,
      "event_date": "2019-09-28",
      "event_description": "INFORMATION ON STATUS: PATENT APPLICATION AND GRANTING PROCEDURE IN GENERAL",
      "expiry": null,
      "extension_name": null,
      "extension_states": null,
      "filing_or_publication": "F",
      "free_text": "PUBLICATIONS -- ISSUE FEE PAYMENT VERIFIED",
      "inventor_name": null,
      "ip_type": "Patent of Invention",
      "ipc_class": null,
      "metadata": {
        "docdb_integer": null,
        "docdb_publication_number": null,
        "epo_created_date": "2019-10-19",
        "status_of_data": null,
        "subscriber_exchange_date": "2019-10-19"
      },
      "name_of_requester": null,
      "new_owner_name": null,
      "opponent_name": null,
      "payment_date": null,
      "publication_language": null,
      "regional_event_code": null,
      "representative_name": null,
      "spc_filing_date": null,
      "spc_number": null,
      "text_record": "US201815919370A 2019-09-28STPP INFORMATION ON STATUS: PATENT APPLICATION AND GRANTING PROCEDURE IN GENERAL Free Format Text PUBLICATIONS -- ISSUE FEE PAYMENT VERIFIED",
      "year_of_fee_payment": null
    },
    {
      "corresponding_patent": null,
      "corresponding_patent_publication_date": null,
      "country_code": "US",
      "date_extension_granted": null,
      "date_of_withdrawal": null,
      "designated_states": null,
      "document_number": "US201815919370A",
      "effective_date": null,
      "event_code": "US.STCF",
      "event_country": null,
      "event_date": "2019-10-16",
      "event_description": "INFORMATION ON STATUS: PATENT GRANT",
      "expiry": null,
      "extension_name": null,
      "extension_states": null,
      "filing_or_publication": "F",
      "free_text": "PATENTED CASE",
      "inventor_name": null,
      "ip_type": "Patent of Invention",
      "ipc_class": null,
      "metadata": {
        "docdb_integer": null,
        "docdb_publication_number": null,
        "epo_created_date": "2019-11-09",
        "status_of_data": null,
        "subscriber_exchange_date": "2019-11-09"
      },
      "name_of_requester": null,
      "new_owner_name": null,
      "opponent_name": null,
      "payment_date": null,
      "publication_language": null,
      "regional_event_code": null,
      "representative_name": null,
      "spc_filing_date": null,
      "spc_number": null,
      "text_record": "US201815919370A 2019-10-16STCF INFORMATION ON STATUS: PATENT GRANT Free Format Text PATENTED CASE",
      "year_of_fee_payment": null
    },
    {
      "corresponding_patent": null,
      "corresponding_patent_publication_date": null,
      "country_code": "US",
      "date_extension_granted": null,
      "date_of_withdrawal": null,
      "designated_states": null,
      "document_number": "US201815919370A",
      "effective_date": null,
      "event_code": "US.FEPP",
      "event_country": null,
      "event_date": "2018-03-13",
      "event_description": "FEE PAYMENT PROCEDURE",
      "expiry": null,
      "extension_name": null,
      "extension_states": null,
      "filing_or_publication": "F",
      "free_text": "ENTITY STATUS SET TO UNDISCOUNTED (ORIGINAL EVENT CODE: BIG.); ENTITY STATUS OF PATENT OWNER: SMALL ENTITY",
      "inventor_name": null,
      "ip_type": "Patent of Invention",
      "ipc_class": null,
      "metadata": {
        "docdb_integer": null,
        "docdb_publication_number": null,
        "epo_created_date": "2019-11-23",
        "status_of_data": null,
        "subscriber_exchange_date": "2019-11-23"
      },
      "name_of_requester": null,
      "new_owner_name": null,
      "opponent_name": null,
      "payment_date": null,
      "publication_language": null,
      "regional_event_code": null,
      "representative_name": null,
      "spc_filing_date": null,
      "spc_number": null,
      "text_record": "US201815919370A 2018-03-13FEPP FEE PAYMENT PROCEDURE Free Format Text ENTITY STATUS SET TO UNDISCOUNTED (ORIGINAL EVENT CODE: BIG.); ENTITY STATUS OF PATENT OWNER: SMALL ENTITY",
      "year_of_fee_payment": null
    },
    {
      "corresponding_patent": null,
      "corresponding_patent_publication_date": null,
      "country_code": "US",
      "date_extension_granted": null,
      "date_of_withdrawal": null,
      "designated_states": null,
      "document_number": "US201815919370A",
      "effective_date": null,
      "event_code": "US.FEPP",
      "event_country": null,
      "event_date": "2018-04-09",
      "event_description": "FEE PAYMENT PROCEDURE",
      "expiry": null,
      "extension_name": null,
      "extension_states": null,
      "filing_or_publication": "F",
      "free_text": "ENTITY STATUS SET TO SMALL (ORIGINAL EVENT CODE: SMAL); ENTITY STATUS OF PATENT OWNER: SMALL ENTITY",
      "inventor_name": null,
      "ip_type": "Patent of Invention",
      "ipc_class": null,
      "metadata": {
        "docdb_integer": null,
        "docdb_publication_number": null,
        "epo_created_date": "2019-11-23",
        "status_of_data": null,
        "subscriber_exchange_date": "2019-11-23"
      },
      "name_of_requester": null,
      "new_owner_name": null,
      "opponent_name": null,
      "payment_date": null,
      "publication_language": null,
      "regional_event_code": null,
      "representative_name": null,
      "spc_filing_date": null,
      "spc_number": null,
      "text_record": "US201815919370A 2018-04-09FEPP FEE PAYMENT PROCEDURE Free Format Text ENTITY STATUS SET TO SMALL (ORIGINAL EVENT CODE: SMAL); ENTITY STATUS OF PATENT OWNER: SMALL ENTITY",
      "year_of_fee_payment": null
    },
    {
      "corresponding_patent": null,
      "corresponding_patent_publication_date": null,
      "country_code": "US",
      "date_extension_granted": null,
      "date_of_withdrawal": null,
      "designated_states": null,
      "document_number": "US201815919370A",
      "effective_date": null,
      "event_code": "US.FEPP",
      "event_country": null,
      "event_date": "2020-01-30",
      "event_description": "FEE PAYMENT PROCEDURE",
      "expiry": null,
      "extension_name": null,
      "extension_states": null,
      "filing_or_publication": "F",
      "free_text": "ENTITY STATUS SET TO UNDISCOUNTED (ORIGINAL EVENT CODE: BIG.); ENTITY STATUS OF PATENT OWNER: LARGE ENTITY",
      "inventor_name": null,
      "ip_type": "Patent of Invention",
      "ipc_class": null,
      "metadata": {
        "docdb_integer": null,
        "docdb_publication_number": null,
        "epo_created_date": "2020-02-08",
        "status_of_data": null,
        "subscriber_exchange_date": "2020-02-08"
      },
      "name_of_requester": null,
      "new_owner_name": null,
      "opponent_name": null,
      "payment_date": null,
      "publication_language": null,
      "regional_event_code": null,
      "representative_name": null,
      "spc_filing_date": null,
      "spc_number": null,
      "text_record": "US201815919370A 2020-01-30FEPP FEE PAYMENT PROCEDURE Free Format Text ENTITY STATUS SET TO UNDISCOUNTED (ORIGINAL EVENT CODE: BIG.); ENTITY STATUS OF PATENT OWNER: LARGE ENTITY",
      "year_of_fee_payment": null
    },
    {
      "corresponding_patent": null,
      "corresponding_patent_publication_date": null,
      "country_code": "US",
      "date_extension_granted": null,
      "date_of_withdrawal": null,
      "designated_states": null,
      "document_number": "US201815919370A",
      "effective_date": "2020-08-06",
      "event_code": "US.AS",
      "event_country": null,
      "event_date": "2020-08-17",
      "event_description": "ASSIGNMENT",
      "expiry": null,
      "extension_name": null,
      "extension_states": null,
      "filing_or_publication": "F",
      "free_text": "SECURITY INTEREST;ASSIGNORS:NCS MULTISTAGE HOLDINGS, INC;NCS MULTISTAGE INC.;REEL/FRAME:053520/0064",
      "inventor_name": null,
      "ip_type": "Patent of Invention",
      "ipc_class": null,
      "metadata": {
        "docdb_integer": null,
        "docdb_publication_number": null,
        "epo_created_date": "2020-08-29",
        "status_of_data": null,
        "subscriber_exchange_date": "2020-08-29"
      },
      "name_of_requester": null,
      "new_owner_name": "WELLS FARGO BANK NATIONAL ASSOCIATION, TEXAS",
      "opponent_name": null,
      "payment_date": null,
      "publication_language": null,
      "regional_event_code": null,
      "representative_name": null,
      "spc_filing_date": null,
      "spc_number": null,
      "text_record": "US201815919370A 2020-08-17AS ASSIGNMENT OWNER WELLS FARGO BANK NATIONAL ASSOCIATION, TEXAS\nUS201815919370A 2020-08-17AS ASSIGNMENT Free Format Text SECURITY INTEREST;ASSIGNORS:NCS MULTISTAGE HOLDINGS, INC;NCS MULTISTAGE INC.;REEL/FRAME:053520/0064\nUS201815919370A 2020-08-17AS ASSIGNMENT Effective DATE 20200806",
      "year_of_fee_payment": null
    },
    {
      "corresponding_patent": null,
      "corresponding_patent_publication_date": null,
      "country_code": "US",
      "date_extension_granted": null,
      "date_of_withdrawal": null,
      "designated_states": null,
      "document_number": "US201815919370A",
      "effective_date": null,
      "event_code": "US.FEPP",
      "event_country": null,
      "event_date": "2020-08-24",
      "event_description": "FEE PAYMENT PROCEDURE",
      "expiry": null,
      "extension_name": null,
      "extension_states": null,
      "filing_or_publication": "F",
      "free_text": "PETITION RELATED TO MAINTENANCE FEES GRANTED (ORIGINAL EVENT CODE: PTGR); ENTITY STATUS OF PATENT OWNER: LARGE ENTITY",
      "inventor_name": null,
      "ip_type": "Patent of Invention",
      "ipc_class": null,
      "metadata": {
        "docdb_integer": null,
        "docdb_publication_number": null,
        "epo_created_date": "2020-09-05",
        "status_of_data": null,
        "subscriber_exchange_date": "2020-09-05"
      },
      "name_of_requester": null,
      "new_owner_name": null,
      "opponent_name": null,
      "payment_date": null,
      "publication_language": null,
      "regional_event_code": null,
      "representative_name": null,
      "spc_filing_date": null,
      "spc_number": null,
      "text_record": "US201815919370A 2020-08-24FEPP FEE PAYMENT PROCEDURE Free Format Text PETITION RELATED TO MAINTENANCE FEES GRANTED (ORIGINAL EVENT CODE: PTGR); ENTITY STATUS OF PATENT OWNER: LARGE ENTITY",
      "year_of_fee_payment": null
    },
    {
      "corresponding_patent": null,
      "corresponding_patent_publication_date": null,
      "country_code": "US",
      "date_extension_granted": null,
      "date_of_withdrawal": null,
      "designated_states": null,
      "document_number": "US201815919370A",
      "effective_date": "2020-08-05",
      "event_code": "US.PGR",
      "event_country": null,
      "event_date": "2020-09-15",
      "event_description": "AIA TRIAL PROCEEDING FILED BEFORE THE PATENT AND APPEAL BOARD: POST-GRANT REVIEW",
      "expiry": null,
      "extension_name": null,
      "extension_states": null,
      "filing_or_publication": "F",
      "free_text": "TRIAL NO: PGR2020-00078",
      "inventor_name": null,
      "ip_type": "Patent of Invention",
      "ipc_class": null,
      "metadata": {
        "docdb_integer": null,
        "docdb_publication_number": null,
        "epo_created_date": "2020-09-19",
        "status_of_data": null,
        "subscriber_exchange_date": "2020-09-19"
      },
      "name_of_requester": null,
      "new_owner_name": null,
      "opponent_name": "TCO AS, TCO IN-WELL TECHNOLOGIES UK, LTD., AND TCO PRODUCTS, INC.",
      "payment_date": null,
      "publication_language": null,
      "regional_event_code": null,
      "representative_name": null,
      "spc_filing_date": null,
      "spc_number": null,
      "text_record": "US201815919370A 2020-09-15PGR AIA TRIAL PROCEEDING FILED BEFORE THE PATENT AND APPEAL BOARD: POST-GRANT REVIEW Free Format Text TRIAL NO: PGR2020-00078\nUS201815919370A 2020-09-15PGR AIA TRIAL PROCEEDING FILED BEFORE THE PATENT AND APPEAL BOARD: POST-GRANT REVIEW OPPONENT TCO AS, TCO IN-WELL TECHNOLOGIES UK, LTD., AND TCO PRODUCTS, INC.\nUS201815919370A 2020-09-15PGR AIA TRIAL PROCEEDING FILED BEFORE THE PATENT AND APPEAL BOARD: POST-GRANT REVIEW Effective DATE 20200805",
      "year_of_fee_payment": null
    },
    {
      "corresponding_patent": null,
      "corresponding_patent_publication_date": null,
      "country_code": "US",
      "date_extension_granted": null,
      "date_of_withdrawal": null,
      "designated_states": null,
      "document_number": "US201815919370A",
      "effective_date": "2020-08-05",
      "event_code": "US.PGR",
      "event_country": null,
      "event_date": "2020-09-15",
      "event_description": "AIA TRIAL PROCEEDING FILED BEFORE THE PATENT AND APPEAL BOARD: POST-GRANT REVIEW",
      "expiry": null,
      "extension_name": null,
      "extension_states": null,
      "filing_or_publication": "F",
      "free_text": "TRIAL NO: PGR2020-00077",
      "inventor_name": null,
      "ip_type": "Patent of Invention",
      "ipc_class": null,
      "metadata": {
        "docdb_integer": null,
        "docdb_publication_number": null,
        "epo_created_date": "2020-09-19",
        "status_of_data": null,
        "subscriber_exchange_date": "2020-09-19"
      },
      "name_of_requester": null,
      "new_owner_name": null,
      "opponent_name": "TCO AS, TCO IN-WELL TECHNOLOGIES UK, LTD., AND TCO PRODUCTS, INC.",
      "payment_date": null,
      "publication_language": null,
      "regional_event_code": null,
      "representative_name": null,
      "spc_filing_date": null,
      "spc_number": null,
      "text_record": "US201815919370A 2020-09-15PGR AIA TRIAL PROCEEDING FILED BEFORE THE PATENT AND APPEAL BOARD: POST-GRANT REVIEW Free Format Text TRIAL NO: PGR2020-00077\nUS201815919370A 2020-09-15PGR AIA TRIAL PROCEEDING FILED BEFORE THE PATENT AND APPEAL BOARD: POST-GRANT REVIEW OPPONENT TCO AS, TCO IN-WELL TECHNOLOGIES UK, LTD., AND TCO PRODUCTS, INC.\nUS201815919370A 2020-09-15PGR AIA TRIAL PROCEEDING FILED BEFORE THE PATENT AND APPEAL BOARD: POST-GRANT REVIEW Effective DATE 20200805",
      "year_of_fee_payment": null
    },
    {
      "corresponding_patent": null,
      "corresponding_patent_publication_date": null,
      "country_code": "US",
      "date_extension_granted": null,
      "date_of_withdrawal": null,
      "designated_states": null,
      "document_number": "US201815919370A",
      "effective_date": "2020-09-11",
      "event_code": "US.IPR",
      "event_country": null,
      "event_date": "2020-10-27",
      "event_description": "AIA TRIAL PROCEEDING FILED BEFORE THE PATENT AND APPEAL BOARD: INTER PARTES REVIEW",
      "expiry": null,
      "extension_name": null,
      "extension_states": null,
      "filing_or_publication": "F",
      "free_text": "TRIAL NO: IPR2020-01615",
      "inventor_name": null,
      "ip_type": "Patent of Invention",
      "ipc_class": null,
      "metadata": {
        "docdb_integer": null,
        "docdb_publication_number": null,
        "epo_created_date": "2020-11-07",
        "status_of_data": null,
        "subscriber_exchange_date": "2020-11-07"
      },
      "name_of_requester": null,
      "new_owner_name": null,
      "opponent_name": "NINE ENERGY SERVICE, INC.",
      "payment_date": null,
      "publication_language": null,
      "regional_event_code": null,
      "representative_name": null,
      "spc_filing_date": null,
      "spc_number": null,
      "text_record": "US201815919370A 2020-10-27IPR AIA TRIAL PROCEEDING FILED BEFORE THE PATENT AND APPEAL BOARD: INTER PARTES REVIEW Free Format Text TRIAL NO: IPR2020-01615\nUS201815919370A 2020-10-27IPR AIA TRIAL PROCEEDING FILED BEFORE THE PATENT AND APPEAL BOARD: INTER PARTES REVIEW OPPONENT NINE ENERGY SERVICE, INC.\nUS201815919370A 2020-10-27IPR AIA TRIAL PROCEEDING FILED BEFORE THE PATENT AND APPEAL BOARD: INTER PARTES REVIEW Effective DATE 20200911",
      "year_of_fee_payment": null
    }
  ],
  "publication_reference": {
    "country": "US",
    "date": null,
    "doc_type": "document",
    "id_type": "docdb",
    "kind": "B2",
    "name": null,
    "number": "10465445"
  }
}