
Generalized singular value decomposition, (15+21)x20

 All requested generalized singular values computed up to the required tolerance:
     3.14081, 3.13546, 3.02084

 All requested generalized singular values computed up to the required tolerance:
     3.13317, 3.13182, 2.99259

