data=0, size=1, result=" 0"
data=0, size=2, result=" 0 0"
data=0, size=3, result=" 0 0 0"
data=0, size=4, result=" 0 0 0 0"
data=1, size=4, result=" 1 0 0 0"
data=256, size=4, result=" 0 1 0 0"
data=65536, size=4, result=" 0 0 1 0"
data=16777216, size=4, result=" 0 0 0 1"
data=4294967296, size=5, result=" 0 0 0 0 1"
data=1099511627776, size=6, result=" 0 0 0 0 0 1"
data=281474976710656, size=7, result=" 0 0 0 0 0 0 1"
data=72057594037927936, size=8, result=" 0 0 0 0 0 0 0 1"
data=[1, 2, 3, 4], size=1, result=" 1 2 3 4"
data=[1, 2], size=1, result=" 1 2"
data=[1, 2, 3], size=1, result=" 1 2 3"
data=[1, 2, 3, 4, 5], size=1, result=" 1 2 3 4 5"
data=[1, 2, 3, 4, 6, 7, 8, 9, 10], size=1, result=" 1 2 3 4 6 7 8 9 10"
data=[1, 0, 0, 0], size=1, result=" 1 0 0 0"
data=[291], size=1, result=" 35"
data=[291], size=2, result=" 35 1"
data=[-1, -2], size=1, result=" 255 254"
data=[-1, -2], size=2, result=" 255 255 254 255"
