{'cmd': ['write_bits(0,0,9,258)', 'rr 0 2', 'wr 0 2 1'], 'result': 'Success'}
