[{'cmd': ['read_reg(trace.index,0,4)', 'rr 540 4'],
  'data': {'trace.index': 0},
  'result': 'Success'},
 {'cmd': ['read_reg(trace.tick_div,544,32)', 'rr 544 32'],
  'data': {'trace.tick_div': [0,
                              0,
                              0,
                              0,
                              0,
                              0,
                              0,
                              0,
                              0,
                              0,
                              0,
                              0,
                              0,
                              0,
                              0,
                              0,
                              0,
                              0,
                              0,
                              0,
                              0,
                              0,
                              0,
                              0,
                              0,
                              0,
                              0,
                              0,
                              0,
                              0,
                              0,
                              0]},
  'result': 'Success'},
 {'cmd': ['read_reg(trace.source,576,32)', 'rr 576 32'],
  'data': {'trace.source': [0,
                            0,
                            0,
                            0,
                            0,
                            0,
                            0,
                            0,
                            0,
                            0,
                            0,
                            0,
                            0,
                            0,
                            0,
                            0,
                            0,
                            0,
                            0,
                            0,
                            0,
                            0,
                            0,
                            0,
                            0,
                            0,
                            0,
                            0,
                            0,
                            0,
                            0,
                            0]},
  'result': 'Success'},
 {'cmd': ['read_reg(trace.value,608,64)', 'rr 608 64'],
  'data': {'trace.value': [0,
                           0,
                           0,
                           0,
                           0,
                           0,
                           0,
                           0,
                           0,
                           0,
                           0,
                           0,
                           0,
                           0,
                           0,
                           0,
                           0,
                           0,
                           0,
                           0,
                           0,
                           0,
                           0,
                           0,
                           0,
                           0,
                           0,
                           0,
                           0,
                           0,
                           0,
                           0]},
  'result': 'Success'},
 {'cmd': ['read_reg(trace.tick,672,128)', 'rr 672 128'],
  'data': {'trace.tick': [0,
                          0,
                          0,
                          0,
                          0,
                          0,
                          0,
                          0,
                          0,
                          0,
                          0,
                          0,
                          0,
                          0,
                          0,
                          0,
                          0,
                          0,
                          0,
                          0,
                          0,
                          0,
                          0,
                          0,
                          0,
                          0,
                          0,
                          0,
                          0,
                          0,
                          0,
                          0]},
  'result': 'Success'}]
