{'cmd': 'rr 0 1', 'data': 0, 'result': 'Success'}
{'cmd': 'rr 1 1', 'data': 1, 'result': 'Success'}
{'cmd': 'rr 3 2', 'data': 1027, 'result': 'Success'}
{'cmd': 'rr 4 0', 'data': 0, 'result': 'Success'}
{'cmd': 'rr 5 10', 'data': 66353806231520361776645, 'result': 'Success'}
{'cmd': 'rr 5 8', 'data': 867798387104613893, 'result': 'Success'}
{'cmd': 'rr 5 8', 'data': [5, 6, 7, 8, 9, 10, 11, 12], 'result': 'Success'}
{'cmd': 'rr 5 8', 'data': [5, 6, 7, 8, 9, 10, 11, 12], 'result': 'Success'}
