Starting tests...good luck:
Cisco IOS-XE
============================= test session starts ==============================
platform linux -- Python 3.10.2, pytest-7.1.2, pluggy-1.0.0 -- /home/ktbyers/netmiko/.venv/bin/python3.10
cachedir: .pytest_cache
rootdir: /home/ktbyers/netmiko, configfile: setup.cfg
plugins: pylama-8.3.8
collecting ... collected 24 items

test_netmiko_show.py::test_disable_paging PASSED
test_netmiko_show.py::test_terminal_width PASSED
test_netmiko_show.py::test_ssh_connect PASSED
test_netmiko_show.py::test_ssh_connect_cm PASSED
test_netmiko_show.py::test_send_command_timing PASSED
test_netmiko_show.py::test_send_command_timing_no_cmd_verify SKIPPED
test_netmiko_show.py::test_send_command PASSED
test_netmiko_show.py::test_send_command_no_cmd_verify SKIPPED
test_netmiko_show.py::test_complete_on_space_disabled SKIPPED
test_netmiko_show.py::test_send_command_textfsm PASSED
test_netmiko_show.py::test_send_command_ttp SKIPPED (TTP template no...)
test_netmiko_show.py::test_send_command_genie PASSED
test_netmiko_show.py::test_send_multiline_timing PASSED
test_netmiko_show.py::test_send_multiline PASSED
test_netmiko_show.py::test_send_multiline_prompt PASSED
test_netmiko_show.py::test_send_multiline_simple PASSED
test_netmiko_show.py::test_base_prompt PASSED
test_netmiko_show.py::test_strip_prompt PASSED
test_netmiko_show.py::test_strip_command PASSED
test_netmiko_show.py::test_normalize_linefeeds PASSED
test_netmiko_show.py::test_clear_buffer PASSED
test_netmiko_show.py::test_enable_mode PASSED
test_netmiko_show.py::test_disconnect PASSED
test_netmiko_show.py::test_disconnect_no_enable SKIPPED

=========================== short test summary info ============================
SKIPPED [1] test_netmiko_show.py:77: Skipped
SKIPPED [1] test_netmiko_show.py:95: Skipped
SKIPPED [1] test_netmiko_show.py:117: Skipped
SKIPPED [1] test_netmiko_show.py:160: TTP template not existing for this platform
SKIPPED [1] test_netmiko_show.py:390: Skipped
======================== 19 passed, 5 skipped in 45.64s ========================
============================= test session starts ==============================
platform linux -- Python 3.10.2, pytest-7.1.2, pluggy-1.0.0 -- /home/ktbyers/netmiko/.venv/bin/python3.10
cachedir: .pytest_cache
rootdir: /home/ktbyers/netmiko, configfile: setup.cfg
plugins: pylama-8.3.8
collecting ... collected 2 items

test_netmiko_save.py::test_save_base PASSED
test_netmiko_save.py::test_disconnect PASSED

============================== 2 passed in 6.84s ===============================
============================= test session starts ==============================
platform linux -- Python 3.10.2, pytest-7.1.2, pluggy-1.0.0 -- /home/ktbyers/netmiko/.venv/bin/python3.10
cachedir: .pytest_cache
rootdir: /home/ktbyers/netmiko, configfile: setup.cfg
plugins: pylama-8.3.8
collecting ... collected 13 items

test_netmiko_config.py::test_ssh_connect PASSED
test_netmiko_config.py::test_enable_mode PASSED
test_netmiko_config.py::test_config_mode PASSED
test_netmiko_config.py::test_exit_config_mode PASSED
test_netmiko_config.py::test_config_set PASSED
test_netmiko_config.py::test_config_set_generator PASSED
test_netmiko_config.py::test_config_set_longcommand PASSED
test_netmiko_config.py::test_config_hostname PASSED
test_netmiko_config.py::test_config_from_file PASSED
test_netmiko_config.py::test_config_error_pattern PASSED
test_netmiko_config.py::test_banner PASSED
test_netmiko_config.py::test_global_cmd_verify PASSED
test_netmiko_config.py::test_disconnect PASSED

============================= 13 passed in 35.02s ==============================
============================= test session starts ==============================
platform linux -- Python 3.10.2, pytest-7.1.2, pluggy-1.0.0 -- /home/ktbyers/netmiko/.venv/bin/python3.10
cachedir: .pytest_cache
rootdir: /home/ktbyers/netmiko, configfile: setup.cfg
plugins: pylama-8.3.8
collecting ... collected 1 item

test_netmiko_config_acl.py::test_large_acl PASSED

============================== 1 passed in 8.53s ===============================
============================= test session starts ==============================
platform linux -- Python 3.10.2, pytest-7.1.2, pluggy-1.0.0 -- /home/ktbyers/netmiko/.venv/bin/python3.10
cachedir: .pytest_cache
rootdir: /home/ktbyers/netmiko, configfile: setup.cfg
plugins: pylama-8.3.8
collecting ... collected 12 items

test_netmiko_scp.py::test_scp_put PASSED
test_netmiko_scp.py::test_remote_space_available PASSED
test_netmiko_scp.py::test_local_space_available PASSED
test_netmiko_scp.py::test_verify_space_available_put PASSED
test_netmiko_scp.py::test_remote_file_size PASSED
test_netmiko_scp.py::test_md5_methods PASSED
test_netmiko_scp.py::test_disconnect PASSED
test_netmiko_scp.py::test_verify_space_available_get PASSED
test_netmiko_scp.py::test_scp_get PASSED
test_netmiko_scp.py::test_md5_methods_get PASSED
test_netmiko_scp.py::test_disconnect_get PASSED
test_netmiko_scp.py::test_file_transfer PASSED

============================= 12 passed in 19.39s ==============================
