Last login: Tue Aug  9 09:25:21 2022 from 52.53.155.196


arista9-napalm#
arista9-napalm#show version
[?1h=
Arista vEOS-lab
Hardware version: 
Serial number: 
Hardware MAC address: 5254.abda.5495
System MAC address: 5254.abda.5495

Software image version: 4.28.0F
Architecture: i686
Internal build version: 4.28.0F-26924507.4280F
Internal build ID: a2df8007-1f3a-4b15-b7d2-b74f9ee07c71
Image format version: 1.0
Image optimization: None

Uptime: 12 weeks, 6 days, 20 hours and 19 minutes
Total memory: 4000292 kB
Free memory: 2945948 kB


[K[?1l>arista9-napalm#