nohup: ignoring input
Starting tests...good luck:
Cisco IOS-XE SSH (including SCP)
============================= test session starts ==============================
platform linux -- Python 3.10.2, pytest-7.1.2, pluggy-1.0.0 -- /home/ktbyers/netmiko/.venv/bin/python3.10
cachedir: .pytest_cache
rootdir: /home/ktbyers/netmiko, configfile: setup.cfg
plugins: pylama-8.3.8
collecting ... collected 25 items

test_netmiko_show.py::test_failed_key SKIPPED (Not using SSH-keys)
test_netmiko_show.py::test_disable_paging PASSED
test_netmiko_show.py::test_terminal_width PASSED
test_netmiko_show.py::test_ssh_connect PASSED
test_netmiko_show.py::test_ssh_connect_cm PASSED
test_netmiko_show.py::test_send_command_timing PASSED
test_netmiko_show.py::test_send_command_timing_no_cmd_verify SKIPPED
test_netmiko_show.py::test_send_command PASSED
test_netmiko_show.py::test_send_command_no_cmd_verify SKIPPED
test_netmiko_show.py::test_complete_on_space_disabled SKIPPED
test_netmiko_show.py::test_send_command_textfsm PASSED
test_netmiko_show.py::test_send_command_ttp SKIPPED (TTP template no...)
test_netmiko_show.py::test_send_command_genie PASSED
test_netmiko_show.py::test_send_multiline_timing PASSED
test_netmiko_show.py::test_send_multiline PASSED
test_netmiko_show.py::test_send_multiline_prompt PASSED
test_netmiko_show.py::test_send_multiline_simple PASSED
test_netmiko_show.py::test_base_prompt PASSED
test_netmiko_show.py::test_strip_prompt PASSED
test_netmiko_show.py::test_strip_command PASSED
test_netmiko_show.py::test_normalize_linefeeds PASSED
test_netmiko_show.py::test_clear_buffer PASSED
test_netmiko_show.py::test_enable_mode PASSED
test_netmiko_show.py::test_disconnect PASSED
test_netmiko_show.py::test_disconnect_no_enable SKIPPED

=========================== short test summary info ============================
SKIPPED [1] test_netmiko_show.py:25: Not using SSH-keys
SKIPPED [1] test_netmiko_show.py:88: Skipped
SKIPPED [1] test_netmiko_show.py:106: Skipped
SKIPPED [1] test_netmiko_show.py:128: Skipped
SKIPPED [1] test_netmiko_show.py:171: TTP template not existing for this platform
SKIPPED [1] test_netmiko_show.py:401: Skipped
======================== 19 passed, 6 skipped in 44.97s ========================
============================= test session starts ==============================
platform linux -- Python 3.10.2, pytest-7.1.2, pluggy-1.0.0 -- /home/ktbyers/netmiko/.venv/bin/python3.10
cachedir: .pytest_cache
rootdir: /home/ktbyers/netmiko, configfile: setup.cfg
plugins: pylama-8.3.8
collecting ... collected 13 items

test_netmiko_config.py::test_ssh_connect PASSED
test_netmiko_config.py::test_enable_mode PASSED
test_netmiko_config.py::test_config_mode PASSED
test_netmiko_config.py::test_exit_config_mode PASSED
test_netmiko_config.py::test_config_set PASSED
test_netmiko_config.py::test_config_set_generator PASSED
test_netmiko_config.py::test_config_set_longcommand PASSED
test_netmiko_config.py::test_config_hostname PASSED
test_netmiko_config.py::test_config_from_file PASSED
test_netmiko_config.py::test_config_error_pattern PASSED
test_netmiko_config.py::test_banner PASSED
test_netmiko_config.py::test_global_cmd_verify PASSED
test_netmiko_config.py::test_disconnect PASSED

============================= 13 passed in 34.56s ==============================
============================= test session starts ==============================
platform linux -- Python 3.10.2, pytest-7.1.2, pluggy-1.0.0 -- /home/ktbyers/netmiko/.venv/bin/python3.10
cachedir: .pytest_cache
rootdir: /home/ktbyers/netmiko, configfile: setup.cfg
plugins: pylama-8.3.8
collecting ... collected 1 item

test_netmiko_config_acl.py::test_large_acl PASSED

============================== 1 passed in 8.30s ===============================
Cisco IOS-XE and IOS-XR Long Name Test
============================= test session starts ==============================
platform linux -- Python 3.10.2, pytest-7.1.2, pluggy-1.0.0 -- /home/ktbyers/netmiko/.venv/bin/python3.10
cachedir: .pytest_cache
rootdir: /home/ktbyers/netmiko, configfile: setup.cfg
plugins: pylama-8.3.8
collecting ... collected 13 items

test_netmiko_config.py::test_ssh_connect PASSED
test_netmiko_config.py::test_enable_mode PASSED
test_netmiko_config.py::test_config_mode PASSED
test_netmiko_config.py::test_exit_config_mode PASSED
test_netmiko_config.py::test_config_set PASSED
test_netmiko_config.py::test_config_set_generator PASSED
test_netmiko_config.py::test_config_set_longcommand PASSED
test_netmiko_config.py::test_config_hostname PASSED
test_netmiko_config.py::test_config_from_file PASSED
test_netmiko_config.py::test_config_error_pattern PASSED
test_netmiko_config.py::test_banner PASSED
test_netmiko_config.py::test_global_cmd_verify PASSED
test_netmiko_config.py::test_disconnect PASSED

============================= 13 passed in 39.61s ==============================
============================= test session starts ==============================
platform linux -- Python 3.10.2, pytest-7.1.2, pluggy-1.0.0 -- /home/ktbyers/netmiko/.venv/bin/python3.10
cachedir: .pytest_cache
rootdir: /home/ktbyers/netmiko, configfile: setup.cfg
plugins: pylama-8.3.8
collecting ... collected 13 items

test_netmiko_config.py::test_ssh_connect PASSED
test_netmiko_config.py::test_enable_mode PASSED
test_netmiko_config.py::test_config_mode PASSED
test_netmiko_config.py::test_exit_config_mode PASSED
test_netmiko_config.py::test_config_set PASSED
test_netmiko_config.py::test_config_set_generator PASSED
test_netmiko_config.py::test_config_set_longcommand PASSED
test_netmiko_config.py::test_config_hostname PASSED
test_netmiko_config.py::test_config_from_file SKIPPED
test_netmiko_config.py::test_config_error_pattern PASSED
test_netmiko_config.py::test_banner SKIPPED (No banner defined.)
test_netmiko_config.py::test_global_cmd_verify SKIPPED (No banner de...)
test_netmiko_config.py::test_disconnect PASSED

=========================== short test summary info ============================
SKIPPED [1] test_netmiko_config.py:163: Skipped
SKIPPED [1] test_netmiko_config.py:209: No banner defined.
SKIPPED [1] test_netmiko_config.py:242: No banner defined.
======================== 10 passed, 3 skipped in 20.05s ========================
Exception and Timeout Tests
============================= test session starts ==============================
platform linux -- Python 3.10.2, pytest-7.1.2, pluggy-1.0.0 -- /home/ktbyers/netmiko/.venv/bin/python3.10
cachedir: .pytest_cache
rootdir: /home/ktbyers/netmiko, configfile: setup.cfg
plugins: pylama-8.3.8
collecting ... collected 7 items

test_netmiko_exceptions.py::test_valid_conn PASSED
test_netmiko_exceptions.py::test_invalid_port PASSED
test_netmiko_exceptions.py::test_conn_timeout PASSED
test_netmiko_exceptions.py::test_dns_fail PASSED
test_netmiko_exceptions.py::test_dns_fail_timeout PASSED
test_netmiko_exceptions.py::test_auth_timeout PASSED
test_netmiko_exceptions.py::test_banner_timeout PASSED

============================== 7 passed in 16.02s ==============================
Juniper vMX
============================= test session starts ==============================
platform linux -- Python 3.10.2, pytest-7.1.2, pluggy-1.0.0 -- /home/ktbyers/netmiko/.venv/bin/python3.10
cachedir: .pytest_cache
rootdir: /home/ktbyers/netmiko, configfile: setup.cfg
plugins: pylama-8.3.8
collecting ... collected 25 items

test_netmiko_show.py::test_failed_key SKIPPED (Not using SSH-keys)
test_netmiko_show.py::test_disable_paging PASSED
test_netmiko_show.py::test_terminal_width PASSED
test_netmiko_show.py::test_ssh_connect PASSED
test_netmiko_show.py::test_ssh_connect_cm PASSED
test_netmiko_show.py::test_send_command_timing PASSED
test_netmiko_show.py::test_send_command_timing_no_cmd_verify SKIPPED
test_netmiko_show.py::test_send_command PASSED
test_netmiko_show.py::test_send_command_no_cmd_verify SKIPPED
test_netmiko_show.py::test_complete_on_space_disabled PASSED
test_netmiko_show.py::test_send_command_textfsm PASSED
test_netmiko_show.py::test_send_command_ttp SKIPPED (TTP template no...)
test_netmiko_show.py::test_send_command_genie SKIPPED (Genie not sup...)
test_netmiko_show.py::test_send_multiline_timing SKIPPED
test_netmiko_show.py::test_send_multiline SKIPPED
test_netmiko_show.py::test_send_multiline_prompt SKIPPED
test_netmiko_show.py::test_send_multiline_simple SKIPPED
test_netmiko_show.py::test_base_prompt PASSED
test_netmiko_show.py::test_strip_prompt PASSED
test_netmiko_show.py::test_strip_command PASSED
test_netmiko_show.py::test_normalize_linefeeds PASSED
test_netmiko_show.py::test_clear_buffer PASSED
test_netmiko_show.py::test_enable_mode PASSED
test_netmiko_show.py::test_disconnect PASSED
test_netmiko_show.py::test_disconnect_no_enable SKIPPED

=========================== short test summary info ============================
SKIPPED [1] test_netmiko_show.py:25: Not using SSH-keys
SKIPPED [1] test_netmiko_show.py:88: Skipped
SKIPPED [1] test_netmiko_show.py:106: Skipped
SKIPPED [1] test_netmiko_show.py:171: TTP template not existing for this platform
SKIPPED [1] test_netmiko_show.py:211: Genie not supported on this platform
SKIPPED [1] test_netmiko_show.py:231: Skipped
SKIPPED [1] test_netmiko_show.py:247: Skipped
SKIPPED [1] test_netmiko_show.py:272: Skipped
SKIPPED [1] test_netmiko_show.py:296: Skipped
SKIPPED [1] test_netmiko_show.py:401: Skipped
======================= 15 passed, 10 skipped in 47.91s ========================
============================= test session starts ==============================
platform linux -- Python 3.10.2, pytest-7.1.2, pluggy-1.0.0 -- /home/ktbyers/netmiko/.venv/bin/python3.10
cachedir: .pytest_cache
rootdir: /home/ktbyers/netmiko, configfile: setup.cfg
plugins: pylama-8.3.8
collecting ... collected 13 items

test_netmiko_config.py::test_ssh_connect PASSED
test_netmiko_config.py::test_enable_mode PASSED
test_netmiko_config.py::test_config_mode PASSED
test_netmiko_config.py::test_exit_config_mode PASSED
test_netmiko_config.py::test_config_set PASSED
test_netmiko_config.py::test_config_set_generator PASSED
test_netmiko_config.py::test_config_set_longcommand PASSED
test_netmiko_config.py::test_config_hostname PASSED
test_netmiko_config.py::test_config_from_file SKIPPED
test_netmiko_config.py::test_config_error_pattern PASSED
test_netmiko_config.py::test_banner SKIPPED (No banner defined.)
test_netmiko_config.py::test_global_cmd_verify SKIPPED (No banner de...)
test_netmiko_config.py::test_disconnect PASSED

=========================== short test summary info ============================
SKIPPED [1] test_netmiko_config.py:163: Skipped
SKIPPED [1] test_netmiko_config.py:209: No banner defined.
SKIPPED [1] test_netmiko_config.py:242: No banner defined.
======================== 10 passed, 3 skipped in 56.86s ========================
Cisco IOS-XR (Azure)
============================= test session starts ==============================
platform linux -- Python 3.10.2, pytest-7.1.2, pluggy-1.0.0 -- /home/ktbyers/netmiko/.venv/bin/python3.10
cachedir: .pytest_cache
rootdir: /home/ktbyers/netmiko, configfile: setup.cfg
plugins: pylama-8.3.8
collecting ... collected 25 items

test_netmiko_show.py::test_failed_key SKIPPED (Not using SSH-keys)
test_netmiko_show.py::test_disable_paging PASSED
test_netmiko_show.py::test_terminal_width PASSED
test_netmiko_show.py::test_ssh_connect PASSED
test_netmiko_show.py::test_ssh_connect_cm PASSED
test_netmiko_show.py::test_send_command_timing PASSED
test_netmiko_show.py::test_send_command_timing_no_cmd_verify SKIPPED
test_netmiko_show.py::test_send_command PASSED
test_netmiko_show.py::test_send_command_no_cmd_verify SKIPPED
test_netmiko_show.py::test_complete_on_space_disabled SKIPPED
test_netmiko_show.py::test_send_command_textfsm PASSED
test_netmiko_show.py::test_send_command_ttp SKIPPED (TTP template no...)
test_netmiko_show.py::test_send_command_genie PASSED
test_netmiko_show.py::test_send_multiline_timing SKIPPED
test_netmiko_show.py::test_send_multiline SKIPPED
test_netmiko_show.py::test_send_multiline_prompt SKIPPED
test_netmiko_show.py::test_send_multiline_simple SKIPPED
test_netmiko_show.py::test_base_prompt PASSED
test_netmiko_show.py::test_strip_prompt PASSED
test_netmiko_show.py::test_strip_command PASSED
test_netmiko_show.py::test_normalize_linefeeds PASSED
test_netmiko_show.py::test_clear_buffer PASSED
test_netmiko_show.py::test_enable_mode PASSED
test_netmiko_show.py::test_disconnect PASSED
test_netmiko_show.py::test_disconnect_no_enable SKIPPED

=========================== short test summary info ============================
SKIPPED [1] test_netmiko_show.py:25: Not using SSH-keys
SKIPPED [1] test_netmiko_show.py:88: Skipped
SKIPPED [1] test_netmiko_show.py:106: Skipped
SKIPPED [1] test_netmiko_show.py:128: Skipped
SKIPPED [1] test_netmiko_show.py:171: TTP template not existing for this platform
SKIPPED [1] test_netmiko_show.py:231: Skipped
SKIPPED [1] test_netmiko_show.py:247: Skipped
SKIPPED [1] test_netmiko_show.py:272: Skipped
SKIPPED [1] test_netmiko_show.py:296: Skipped
SKIPPED [1] test_netmiko_show.py:401: Skipped
======================= 15 passed, 10 skipped in 31.00s ========================
============================= test session starts ==============================
platform linux -- Python 3.10.2, pytest-7.1.2, pluggy-1.0.0 -- /home/ktbyers/netmiko/.venv/bin/python3.10
cachedir: .pytest_cache
rootdir: /home/ktbyers/netmiko, configfile: setup.cfg
plugins: pylama-8.3.8
collecting ... collected 13 items

test_netmiko_config.py::test_ssh_connect PASSED
test_netmiko_config.py::test_enable_mode PASSED
test_netmiko_config.py::test_config_mode PASSED
test_netmiko_config.py::test_exit_config_mode PASSED
test_netmiko_config.py::test_config_set PASSED
test_netmiko_config.py::test_config_set_generator PASSED
test_netmiko_config.py::test_config_set_longcommand PASSED
test_netmiko_config.py::test_config_hostname PASSED
test_netmiko_config.py::test_config_from_file SKIPPED
test_netmiko_config.py::test_config_error_pattern PASSED
test_netmiko_config.py::test_banner SKIPPED (No banner defined.)
test_netmiko_config.py::test_global_cmd_verify SKIPPED (No banner de...)
test_netmiko_config.py::test_disconnect PASSED

=========================== short test summary info ============================
SKIPPED [1] test_netmiko_config.py:163: Skipped
SKIPPED [1] test_netmiko_config.py:209: No banner defined.
SKIPPED [1] test_netmiko_config.py:242: No banner defined.
======================== 10 passed, 3 skipped in 15.32s ========================
============================= test session starts ==============================
platform linux -- Python 3.10.2, pytest-7.1.2, pluggy-1.0.0 -- /home/ktbyers/netmiko/.venv/bin/python3.10
cachedir: .pytest_cache
rootdir: /home/ktbyers/netmiko, configfile: setup.cfg
plugins: pylama-8.3.8
collecting ... collected 15 items

test_netmiko_commit.py::test_ssh_connect PASSED
test_netmiko_commit.py::test_config_mode PASSED
test_netmiko_commit.py::test_commit_base PASSED
test_netmiko_commit.py::test_commit_confirm PASSED
test_netmiko_commit.py::test_confirm_delay PASSED
test_netmiko_commit.py::test_no_confirm PASSED
test_netmiko_commit.py::test_clear_msg PASSED
test_netmiko_commit.py::test_commit_check SKIPPED
test_netmiko_commit.py::test_commit_comment PASSED
test_netmiko_commit.py::test_commit_andquit SKIPPED
test_netmiko_commit.py::test_commit_label PASSED
test_netmiko_commit.py::test_commit_label_comment PASSED
test_netmiko_commit.py::test_commit_label_confirm PASSED
test_netmiko_commit.py::test_exit_config_mode PASSED
test_netmiko_commit.py::test_disconnect PASSED

=========================== short test summary info ============================
SKIPPED [1] test_netmiko_commit.py:231: Skipped
SKIPPED [1] test_netmiko_commit.py:290: Skipped
================== 13 passed, 2 skipped in 184.66s (0:03:04) ===================
Cisco IOS SSH (including SCP) using key auth
============================= test session starts ==============================
platform linux -- Python 3.10.2, pytest-7.1.2, pluggy-1.0.0 -- /home/ktbyers/netmiko/.venv/bin/python3.10
cachedir: .pytest_cache
rootdir: /home/ktbyers/netmiko, configfile: setup.cfg
plugins: pylama-8.3.8
collecting ... collected 6 items

test_netmiko_tcl.py::test_tcl_put PASSED
test_netmiko_tcl.py::test_remote_space_available PASSED
test_netmiko_tcl.py::test_verify_space_available_put PASSED
test_netmiko_tcl.py::test_remote_file_size PASSED
test_netmiko_tcl.py::test_md5_methods PASSED
test_netmiko_tcl.py::test_disconnect PASSED

============================== 6 passed in 17.44s ==============================
============================= test session starts ==============================
platform linux -- Python 3.10.2, pytest-7.1.2, pluggy-1.0.0 -- /home/ktbyers/netmiko/.venv/bin/python3.10
cachedir: .pytest_cache
rootdir: /home/ktbyers/netmiko, configfile: setup.cfg
plugins: pylama-8.3.8
collecting ... collected 25 items

test_netmiko_show.py::test_failed_key PASSED
test_netmiko_show.py::test_disable_paging PASSED
test_netmiko_show.py::test_terminal_width PASSED
test_netmiko_show.py::test_ssh_connect PASSED
test_netmiko_show.py::test_ssh_connect_cm PASSED
test_netmiko_show.py::test_send_command_timing PASSED
test_netmiko_show.py::test_send_command_timing_no_cmd_verify SKIPPED
test_netmiko_show.py::test_send_command PASSED
test_netmiko_show.py::test_send_command_no_cmd_verify SKIPPED
test_netmiko_show.py::test_complete_on_space_disabled SKIPPED
test_netmiko_show.py::test_send_command_textfsm PASSED
test_netmiko_show.py::test_send_command_ttp PASSED
test_netmiko_show.py::test_send_command_genie PASSED
test_netmiko_show.py::test_send_multiline_timing PASSED
test_netmiko_show.py::test_send_multiline PASSED
test_netmiko_show.py::test_send_multiline_prompt PASSED
test_netmiko_show.py::test_send_multiline_simple PASSED
test_netmiko_show.py::test_base_prompt PASSED
test_netmiko_show.py::test_strip_prompt PASSED
test_netmiko_show.py::test_strip_command PASSED
test_netmiko_show.py::test_normalize_linefeeds PASSED
test_netmiko_show.py::test_clear_buffer PASSED
test_netmiko_show.py::test_enable_mode PASSED
test_netmiko_show.py::test_disconnect PASSED
test_netmiko_show.py::test_disconnect_no_enable PASSED

=========================== short test summary info ============================
SKIPPED [1] test_netmiko_show.py:88: Skipped
SKIPPED [1] test_netmiko_show.py:106: Skipped
SKIPPED [1] test_netmiko_show.py:128: Skipped
=================== 22 passed, 3 skipped in 60.14s (0:01:00) ===================
============================= test session starts ==============================
platform linux -- Python 3.10.2, pytest-7.1.2, pluggy-1.0.0 -- /home/ktbyers/netmiko/.venv/bin/python3.10
cachedir: .pytest_cache
rootdir: /home/ktbyers/netmiko, configfile: setup.cfg
plugins: pylama-8.3.8
collecting ... collected 13 items

test_netmiko_config.py::test_ssh_connect PASSED
test_netmiko_config.py::test_enable_mode PASSED
test_netmiko_config.py::test_config_mode PASSED
test_netmiko_config.py::test_exit_config_mode PASSED
test_netmiko_config.py::test_config_set PASSED
test_netmiko_config.py::test_config_set_generator PASSED
test_netmiko_config.py::test_config_set_longcommand PASSED
test_netmiko_config.py::test_config_hostname PASSED
test_netmiko_config.py::test_config_from_file PASSED
test_netmiko_config.py::test_config_error_pattern PASSED
test_netmiko_config.py::test_banner PASSED
test_netmiko_config.py::test_global_cmd_verify PASSED
test_netmiko_config.py::test_disconnect PASSED

============================= 13 passed in 43.87s ==============================
============================= test session starts ==============================
platform linux -- Python 3.10.2, pytest-7.1.2, pluggy-1.0.0 -- /home/ktbyers/netmiko/.venv/bin/python3.10
cachedir: .pytest_cache
rootdir: /home/ktbyers/netmiko, configfile: setup.cfg
plugins: pylama-8.3.8
collecting ... collected 1 item

test_netmiko_config_acl.py::test_large_acl PASSED

============================== 1 passed in 6.30s ===============================
Cisco IOS SSH (including SCP)
============================= test session starts ==============================
platform linux -- Python 3.10.2, pytest-7.1.2, pluggy-1.0.0 -- /home/ktbyers/netmiko/.venv/bin/python3.10
cachedir: .pytest_cache
rootdir: /home/ktbyers/netmiko, configfile: setup.cfg
plugins: pylama-8.3.8
collecting ... collected 6 items

test_netmiko_tcl.py::test_tcl_put PASSED
test_netmiko_tcl.py::test_remote_space_available PASSED
test_netmiko_tcl.py::test_verify_space_available_put PASSED
test_netmiko_tcl.py::test_remote_file_size PASSED
test_netmiko_tcl.py::test_md5_methods PASSED
test_netmiko_tcl.py::test_disconnect PASSED

============================== 6 passed in 10.43s ==============================
============================= test session starts ==============================
platform linux -- Python 3.10.2, pytest-7.1.2, pluggy-1.0.0 -- /home/ktbyers/netmiko/.venv/bin/python3.10
cachedir: .pytest_cache
rootdir: /home/ktbyers/netmiko, configfile: setup.cfg
plugins: pylama-8.3.8
collecting ... collected 25 items

test_netmiko_show.py::test_failed_key SKIPPED (Not using SSH-keys)
test_netmiko_show.py::test_disable_paging PASSED
test_netmiko_show.py::test_terminal_width PASSED
test_netmiko_show.py::test_ssh_connect PASSED
test_netmiko_show.py::test_ssh_connect_cm PASSED
test_netmiko_show.py::test_send_command_timing PASSED
test_netmiko_show.py::test_send_command_timing_no_cmd_verify SKIPPED
test_netmiko_show.py::test_send_command PASSED
test_netmiko_show.py::test_send_command_no_cmd_verify SKIPPED
test_netmiko_show.py::test_complete_on_space_disabled SKIPPED
test_netmiko_show.py::test_send_command_textfsm PASSED
test_netmiko_show.py::test_send_command_ttp PASSED
test_netmiko_show.py::test_send_command_genie PASSED
test_netmiko_show.py::test_send_multiline_timing PASSED
test_netmiko_show.py::test_send_multiline PASSED
test_netmiko_show.py::test_send_multiline_prompt PASSED
test_netmiko_show.py::test_send_multiline_simple PASSED
test_netmiko_show.py::test_base_prompt PASSED
test_netmiko_show.py::test_strip_prompt PASSED
test_netmiko_show.py::test_strip_command PASSED
test_netmiko_show.py::test_normalize_linefeeds PASSED
test_netmiko_show.py::test_clear_buffer PASSED
test_netmiko_show.py::test_enable_mode PASSED
test_netmiko_show.py::test_disconnect PASSED
test_netmiko_show.py::test_disconnect_no_enable PASSED

=========================== short test summary info ============================
SKIPPED [1] test_netmiko_show.py:25: Not using SSH-keys
SKIPPED [1] test_netmiko_show.py:88: Skipped
SKIPPED [1] test_netmiko_show.py:106: Skipped
SKIPPED [1] test_netmiko_show.py:128: Skipped
======================== 21 passed, 4 skipped in 45.73s ========================
============================= test session starts ==============================
platform linux -- Python 3.10.2, pytest-7.1.2, pluggy-1.0.0 -- /home/ktbyers/netmiko/.venv/bin/python3.10
cachedir: .pytest_cache
rootdir: /home/ktbyers/netmiko, configfile: setup.cfg
plugins: pylama-8.3.8
collecting ... collected 13 items

test_netmiko_config.py::test_ssh_connect PASSED
test_netmiko_config.py::test_enable_mode PASSED
test_netmiko_config.py::test_config_mode PASSED
test_netmiko_config.py::test_exit_config_mode PASSED
test_netmiko_config.py::test_config_set PASSED
test_netmiko_config.py::test_config_set_generator PASSED
test_netmiko_config.py::test_config_set_longcommand PASSED
test_netmiko_config.py::test_config_hostname PASSED
test_netmiko_config.py::test_config_from_file PASSED
test_netmiko_config.py::test_config_error_pattern PASSED
test_netmiko_config.py::test_banner PASSED
test_netmiko_config.py::test_global_cmd_verify PASSED
test_netmiko_config.py::test_disconnect PASSED

============================= 13 passed in 35.56s ==============================
============================= test session starts ==============================
platform linux -- Python 3.10.2, pytest-7.1.2, pluggy-1.0.0 -- /home/ktbyers/netmiko/.venv/bin/python3.10
cachedir: .pytest_cache
rootdir: /home/ktbyers/netmiko, configfile: setup.cfg
plugins: pylama-8.3.8
collecting ... collected 1 item

test_netmiko_config_acl.py::test_large_acl PASSED

============================== 1 passed in 4.81s ===============================
Cisco IOS SSH fast_cli (including SCP)
============================= test session starts ==============================
platform linux -- Python 3.10.2, pytest-7.1.2, pluggy-1.0.0 -- /home/ktbyers/netmiko/.venv/bin/python3.10
cachedir: .pytest_cache
rootdir: /home/ktbyers/netmiko, configfile: setup.cfg
plugins: pylama-8.3.8
collecting ... collected 6 items

test_netmiko_tcl.py::test_tcl_put PASSED
test_netmiko_tcl.py::test_remote_space_available PASSED
test_netmiko_tcl.py::test_verify_space_available_put PASSED
test_netmiko_tcl.py::test_remote_file_size PASSED
test_netmiko_tcl.py::test_md5_methods PASSED
test_netmiko_tcl.py::test_disconnect PASSED

============================== 6 passed in 10.64s ==============================
============================= test session starts ==============================
platform linux -- Python 3.10.2, pytest-7.1.2, pluggy-1.0.0 -- /home/ktbyers/netmiko/.venv/bin/python3.10
cachedir: .pytest_cache
rootdir: /home/ktbyers/netmiko, configfile: setup.cfg
plugins: pylama-8.3.8
collecting ... collected 25 items

test_netmiko_show.py::test_failed_key SKIPPED (Not using SSH-keys)
test_netmiko_show.py::test_disable_paging PASSED
test_netmiko_show.py::test_terminal_width PASSED
test_netmiko_show.py::test_ssh_connect PASSED
test_netmiko_show.py::test_ssh_connect_cm PASSED
test_netmiko_show.py::test_send_command_timing PASSED
test_netmiko_show.py::test_send_command_timing_no_cmd_verify SKIPPED
test_netmiko_show.py::test_send_command PASSED
test_netmiko_show.py::test_send_command_no_cmd_verify SKIPPED
test_netmiko_show.py::test_complete_on_space_disabled SKIPPED
test_netmiko_show.py::test_send_command_textfsm PASSED
test_netmiko_show.py::test_send_command_ttp PASSED
test_netmiko_show.py::test_send_command_genie PASSED
test_netmiko_show.py::test_send_multiline_timing PASSED
test_netmiko_show.py::test_send_multiline PASSED
test_netmiko_show.py::test_send_multiline_prompt PASSED
test_netmiko_show.py::test_send_multiline_simple PASSED
test_netmiko_show.py::test_base_prompt PASSED
test_netmiko_show.py::test_strip_prompt PASSED
test_netmiko_show.py::test_strip_command PASSED
test_netmiko_show.py::test_normalize_linefeeds PASSED
test_netmiko_show.py::test_clear_buffer PASSED
test_netmiko_show.py::test_enable_mode PASSED
test_netmiko_show.py::test_disconnect PASSED
test_netmiko_show.py::test_disconnect_no_enable PASSED

=========================== short test summary info ============================
SKIPPED [1] test_netmiko_show.py:25: Not using SSH-keys
SKIPPED [1] test_netmiko_show.py:88: Skipped
SKIPPED [1] test_netmiko_show.py:106: Skipped
SKIPPED [1] test_netmiko_show.py:128: Skipped
======================== 21 passed, 4 skipped in 45.93s ========================
============================= test session starts ==============================
platform linux -- Python 3.10.2, pytest-7.1.2, pluggy-1.0.0 -- /home/ktbyers/netmiko/.venv/bin/python3.10
cachedir: .pytest_cache
rootdir: /home/ktbyers/netmiko, configfile: setup.cfg
plugins: pylama-8.3.8
collecting ... collected 13 items

test_netmiko_config.py::test_ssh_connect PASSED
test_netmiko_config.py::test_enable_mode PASSED
test_netmiko_config.py::test_config_mode PASSED
test_netmiko_config.py::test_exit_config_mode PASSED
test_netmiko_config.py::test_config_set PASSED
test_netmiko_config.py::test_config_set_generator PASSED
test_netmiko_config.py::test_config_set_longcommand PASSED
test_netmiko_config.py::test_config_hostname PASSED
test_netmiko_config.py::test_config_from_file PASSED
test_netmiko_config.py::test_config_error_pattern PASSED
test_netmiko_config.py::test_banner PASSED
test_netmiko_config.py::test_global_cmd_verify PASSED
test_netmiko_config.py::test_disconnect PASSED

============================= 13 passed in 35.48s ==============================
Cisco IOS using SSH config with SSH Proxy
============================= test session starts ==============================
platform linux -- Python 3.10.2, pytest-7.1.2, pluggy-1.0.0 -- /home/ktbyers/netmiko/.venv/bin/python3.10
cachedir: .pytest_cache
rootdir: /home/ktbyers/netmiko, configfile: setup.cfg
plugins: pylama-8.3.8
collecting ... collected 25 items

test_netmiko_show.py::test_failed_key SKIPPED (Not using SSH-keys)
test_netmiko_show.py::test_disable_paging PASSED
test_netmiko_show.py::test_terminal_width PASSED
test_netmiko_show.py::test_ssh_connect PASSED
test_netmiko_show.py::test_ssh_connect_cm PASSED
test_netmiko_show.py::test_send_command_timing PASSED
test_netmiko_show.py::test_send_command_timing_no_cmd_verify SKIPPED
test_netmiko_show.py::test_send_command PASSED
test_netmiko_show.py::test_send_command_no_cmd_verify SKIPPED
test_netmiko_show.py::test_complete_on_space_disabled SKIPPED
test_netmiko_show.py::test_send_command_textfsm PASSED
test_netmiko_show.py::test_send_command_ttp PASSED
test_netmiko_show.py::test_send_command_genie PASSED
test_netmiko_show.py::test_send_multiline_timing PASSED
test_netmiko_show.py::test_send_multiline PASSED
test_netmiko_show.py::test_send_multiline_prompt PASSED
test_netmiko_show.py::test_send_multiline_simple PASSED
test_netmiko_show.py::test_base_prompt PASSED
test_netmiko_show.py::test_strip_prompt PASSED
test_netmiko_show.py::test_strip_command PASSED
test_netmiko_show.py::test_normalize_linefeeds PASSED
test_netmiko_show.py::test_clear_buffer PASSED
test_netmiko_show.py::test_enable_mode PASSED
test_netmiko_show.py::test_disconnect PASSED
test_netmiko_show.py::test_disconnect_no_enable PASSED

=========================== short test summary info ============================
SKIPPED [1] test_netmiko_show.py:25: Not using SSH-keys
SKIPPED [1] test_netmiko_show.py:88: Skipped
SKIPPED [1] test_netmiko_show.py:106: Skipped
SKIPPED [1] test_netmiko_show.py:128: Skipped
=================== 21 passed, 4 skipped in 62.24s (0:01:02) ===================
============================= test session starts ==============================
platform linux -- Python 3.10.2, pytest-7.1.2, pluggy-1.0.0 -- /home/ktbyers/netmiko/.venv/bin/python3.10
cachedir: .pytest_cache
rootdir: /home/ktbyers/netmiko, configfile: setup.cfg
plugins: pylama-8.3.8
collecting ... collected 13 items

test_netmiko_config.py::test_ssh_connect PASSED
test_netmiko_config.py::test_enable_mode PASSED
test_netmiko_config.py::test_config_mode PASSED
test_netmiko_config.py::test_exit_config_mode PASSED
test_netmiko_config.py::test_config_set PASSED
test_netmiko_config.py::test_config_set_generator PASSED
test_netmiko_config.py::test_config_set_longcommand PASSED
test_netmiko_config.py::test_config_hostname PASSED
test_netmiko_config.py::test_config_from_file PASSED
test_netmiko_config.py::test_config_error_pattern PASSED
test_netmiko_config.py::test_banner PASSED
test_netmiko_config.py::test_global_cmd_verify PASSED
test_netmiko_config.py::test_disconnect PASSED

======================== 13 passed in 69.66s (0:01:09) =========================
============================= test session starts ==============================
platform linux -- Python 3.10.2, pytest-7.1.2, pluggy-1.0.0 -- /home/ktbyers/netmiko/.venv/bin/python3.10
cachedir: .pytest_cache
rootdir: /home/ktbyers/netmiko, configfile: setup.cfg
plugins: pylama-8.3.8
collecting ... collected 1 item

test_netmiko_config_acl.py::test_large_acl PASSED

============================== 1 passed in 36.30s ==============================
Cisco IOS using SSH config with SSH Proxy using ProxyJump
============================= test session starts ==============================
platform linux -- Python 3.10.2, pytest-7.1.2, pluggy-1.0.0 -- /home/ktbyers/netmiko/.venv/bin/python3.10
cachedir: .pytest_cache
rootdir: /home/ktbyers/netmiko, configfile: setup.cfg
plugins: pylama-8.3.8
collecting ... collected 25 items

test_netmiko_show.py::test_failed_key SKIPPED (Not using SSH-keys)
test_netmiko_show.py::test_disable_paging PASSED
test_netmiko_show.py::test_terminal_width PASSED
test_netmiko_show.py::test_ssh_connect PASSED
test_netmiko_show.py::test_ssh_connect_cm PASSED
test_netmiko_show.py::test_send_command_timing PASSED
test_netmiko_show.py::test_send_command_timing_no_cmd_verify SKIPPED
test_netmiko_show.py::test_send_command PASSED
test_netmiko_show.py::test_send_command_no_cmd_verify SKIPPED
test_netmiko_show.py::test_complete_on_space_disabled SKIPPED
test_netmiko_show.py::test_send_command_textfsm PASSED
test_netmiko_show.py::test_send_command_ttp PASSED
test_netmiko_show.py::test_send_command_genie PASSED
test_netmiko_show.py::test_send_multiline_timing PASSED
test_netmiko_show.py::test_send_multiline PASSED
test_netmiko_show.py::test_send_multiline_prompt PASSED
test_netmiko_show.py::test_send_multiline_simple PASSED
test_netmiko_show.py::test_base_prompt PASSED
test_netmiko_show.py::test_strip_prompt PASSED
test_netmiko_show.py::test_strip_command PASSED
test_netmiko_show.py::test_normalize_linefeeds PASSED
test_netmiko_show.py::test_clear_buffer PASSED
test_netmiko_show.py::test_enable_mode PASSED
test_netmiko_show.py::test_disconnect PASSED
test_netmiko_show.py::test_disconnect_no_enable PASSED

=========================== short test summary info ============================
SKIPPED [1] test_netmiko_show.py:25: Not using SSH-keys
SKIPPED [1] test_netmiko_show.py:88: Skipped
SKIPPED [1] test_netmiko_show.py:106: Skipped
SKIPPED [1] test_netmiko_show.py:128: Skipped
======================== 21 passed, 4 skipped in 45.69s ========================
============================= test session starts ==============================
platform linux -- Python 3.10.2, pytest-7.1.2, pluggy-1.0.0 -- /home/ktbyers/netmiko/.venv/bin/python3.10
cachedir: .pytest_cache
rootdir: /home/ktbyers/netmiko, configfile: setup.cfg
plugins: pylama-8.3.8
collecting ... collected 13 items

test_netmiko_config.py::test_ssh_connect PASSED
test_netmiko_config.py::test_enable_mode PASSED
test_netmiko_config.py::test_config_mode PASSED
test_netmiko_config.py::test_exit_config_mode PASSED
test_netmiko_config.py::test_config_set PASSED
test_netmiko_config.py::test_config_set_generator PASSED
test_netmiko_config.py::test_config_set_longcommand PASSED
test_netmiko_config.py::test_config_hostname PASSED
test_netmiko_config.py::test_config_from_file PASSED
test_netmiko_config.py::test_config_error_pattern PASSED
test_netmiko_config.py::test_banner PASSED
test_netmiko_config.py::test_global_cmd_verify PASSED
test_netmiko_config.py::test_disconnect PASSED

============================= 13 passed in 35.49s ==============================
============================= test session starts ==============================
platform linux -- Python 3.10.2, pytest-7.1.2, pluggy-1.0.0 -- /home/ktbyers/netmiko/.venv/bin/python3.10
cachedir: .pytest_cache
rootdir: /home/ktbyers/netmiko, configfile: setup.cfg
plugins: pylama-8.3.8
collecting ... collected 1 item

test_netmiko_config_acl.py::test_large_acl PASSED

============================== 1 passed in 4.63s ===============================
Cisco IOS session log testing
============================= test session starts ==============================
platform linux -- Python 3.10.2, pytest-7.1.2, pluggy-1.0.0 -- /home/ktbyers/netmiko/.venv/bin/python3.10
cachedir: .pytest_cache
rootdir: /home/ktbyers/netmiko, configfile: setup.cfg
plugins: pylama-8.3.8
collecting ... collected 7 items

test_netmiko_session_log.py::test_session_log FAILED

=================================== FAILURES ===================================
_______________________________ test_session_log _______________________________

net_connect = <netmiko.cisco.cisco_ios.CiscoIosSSH object at 0x7f26124b48e0>
commands = {'banner': 'banner login %\n\nThis is a test banner\n\n%\n', 'basic': 'show ip interface brief', 'config': ['logging buffered 20000', 'no logging console', 'logging buffered 20010'], 'config_file': 'cisco_ios_commands.txt', ...}
expected_responses = {'base_prompt': 'cisco1', 'compare_log': 'SLOG/cisco881_slog_compare.log', 'compare_log_append': 'SLOG/cisco881_slog_append_compare.log', 'compare_log_wr': 'SLOG/cisco881_slog_wr_compare.log', ...}

    def test_session_log(net_connect, commands, expected_responses):
        """Verify session_log matches expected content."""
        command = commands["basic"]
        session_action(net_connect, command)
    
        compare_file = expected_responses["compare_log"]
        session_file = expected_responses["session_log"]
    
>       session_log_md5(session_file, compare_file)

test_netmiko_session_log.py:65: 
_ _ _ _ _ _ _ _ _ _ _ _ _ _ _ _ _ _ _ _ _ _ _ _ _ _ _ _ _ _ _ _ _ _ _ _ _ _ _ _ 

session_file = 'SLOG/cisco881_slog.log'
compare_file = 'SLOG/cisco881_slog_compare.log'

    def session_log_md5(session_file, compare_file):
        """Compare the session_log MD5 to the compare_file MD5"""
        compare_log_md5 = calc_md5(file_name=compare_file)
        log_content = read_session_log(session_file)
        session_log_md5 = calc_md5(contents=log_content)
>       assert session_log_md5 == compare_log_md5
E       AssertionError: assert '33334d28d921...3aae36d500e94' == '736154e172b1...370c192319671'
E         - 736154e172b129ddeab370c192319671
E         + 33334d28d9217ec692d3aae36d500e94

test_netmiko_session_log.py:46: AssertionError
!!!!!!!!!!!!!!!!!!!!!!!!!! stopping after 1 failures !!!!!!!!!!!!!!!!!!!!!!!!!!!
============================== 1 failed in 2.24s ===============================
