Last login: Fri Jun 24 10:33:30 2022 from ec2-52-53-155-196.us-west-1.compute.amazonaws.com

       __|  __|_  )
       _|  (     /   Amazon Linux 2 AMI
      ___|\___|___|

https://aws.amazon.com/amazon-linux-2/
(pynet_tools) [gituser@pynetqa ~]$ 
(pynet_tools) [gituser@pynetqa ~]$ 