nohup: ignoring input
Starting tests...good luck:
Juniper vMX
============================= test session starts ==============================
platform linux -- Python 3.10.2, pytest-6.2.5, py-1.11.0, pluggy-1.0.0 -- /home/ktbyers/netmiko/.venv/bin/python3.10
cachedir: .pytest_cache
rootdir: /home/ktbyers/netmiko, configfile: setup.cfg
plugins: pylama-7.7.1
collecting ... collected 24 items

test_netmiko_show.py::test_disable_paging PASSED
test_netmiko_show.py::test_terminal_width PASSED
test_netmiko_show.py::test_ssh_connect PASSED
test_netmiko_show.py::test_ssh_connect_cm PASSED
test_netmiko_show.py::test_send_command_timing PASSED
test_netmiko_show.py::test_send_command_timing_no_cmd_verify SKIPPED
test_netmiko_show.py::test_send_command PASSED
test_netmiko_show.py::test_send_command_no_cmd_verify SKIPPED
test_netmiko_show.py::test_complete_on_space_disabled PASSED
test_netmiko_show.py::test_send_command_textfsm PASSED
test_netmiko_show.py::test_send_command_ttp SKIPPED (TTP template no...)
test_netmiko_show.py::test_send_command_genie SKIPPED (Genie not sup...)
test_netmiko_show.py::test_send_multiline_timing SKIPPED
test_netmiko_show.py::test_send_multiline SKIPPED
test_netmiko_show.py::test_send_multiline_prompt SKIPPED
test_netmiko_show.py::test_send_multiline_simple SKIPPED
test_netmiko_show.py::test_base_prompt PASSED
test_netmiko_show.py::test_strip_prompt PASSED
test_netmiko_show.py::test_strip_command PASSED
test_netmiko_show.py::test_normalize_linefeeds PASSED
test_netmiko_show.py::test_clear_buffer PASSED
test_netmiko_show.py::test_enable_mode PASSED
test_netmiko_show.py::test_disconnect PASSED
test_netmiko_show.py::test_disconnect_no_enable SKIPPED

=========================== short test summary info ============================
SKIPPED [1] test_netmiko_show.py:70: Skipped
SKIPPED [1] test_netmiko_show.py:88: Skipped
SKIPPED [1] test_netmiko_show.py:153: TTP template not existing for this platform
SKIPPED [1] test_netmiko_show.py:193: Genie not supported on this platform
SKIPPED [1] test_netmiko_show.py:213: Skipped
SKIPPED [1] test_netmiko_show.py:229: Skipped
SKIPPED [1] test_netmiko_show.py:254: Skipped
SKIPPED [1] test_netmiko_show.py:278: Skipped
SKIPPED [1] test_netmiko_show.py:380: Skipped
======================== 15 passed, 9 skipped in 41.25s ========================
============================= test session starts ==============================
platform linux -- Python 3.10.2, pytest-6.2.5, py-1.11.0, pluggy-1.0.0 -- /home/ktbyers/netmiko/.venv/bin/python3.10
cachedir: .pytest_cache
rootdir: /home/ktbyers/netmiko, configfile: setup.cfg
plugins: pylama-7.7.1
collecting ... collected 12 items

test_netmiko_config.py::test_ssh_connect PASSED
test_netmiko_config.py::test_enable_mode PASSED
test_netmiko_config.py::test_config_mode PASSED
test_netmiko_config.py::test_exit_config_mode PASSED
test_netmiko_config.py::test_config_set PASSED
test_netmiko_config.py::test_config_set_longcommand PASSED
test_netmiko_config.py::test_config_hostname PASSED
test_netmiko_config.py::test_config_from_file SKIPPED
test_netmiko_config.py::test_config_error_pattern PASSED
test_netmiko_config.py::test_banner SKIPPED (No banner defined.)
test_netmiko_config.py::test_global_cmd_verify SKIPPED (No banner de...)
test_netmiko_config.py::test_disconnect PASSED

=========================== short test summary info ============================
SKIPPED [1] test_netmiko_config.py:115: Skipped
SKIPPED [1] test_netmiko_config.py:161: No banner defined.
SKIPPED [1] test_netmiko_config.py:194: No banner defined.
======================== 9 passed, 3 skipped in 29.95s =========================
Juniper
============================= test session starts ==============================
platform linux -- Python 3.10.2, pytest-6.2.5, py-1.11.0, pluggy-1.0.0 -- /home/ktbyers/netmiko/.venv/bin/python3.10
cachedir: .pytest_cache
rootdir: /home/ktbyers/netmiko, configfile: setup.cfg
plugins: pylama-7.7.1
collecting ... collected 12 items

test_netmiko_scp.py::test_scp_put PASSED
test_netmiko_scp.py::test_remote_space_available PASSED
test_netmiko_scp.py::test_local_space_available PASSED
test_netmiko_scp.py::test_verify_space_available_put PASSED
test_netmiko_scp.py::test_remote_file_size PASSED
test_netmiko_scp.py::test_md5_methods PASSED
test_netmiko_scp.py::test_disconnect PASSED
test_netmiko_scp.py::test_verify_space_available_get PASSED
test_netmiko_scp.py::test_scp_get PASSED
test_netmiko_scp.py::test_md5_methods_get PASSED
test_netmiko_scp.py::test_disconnect_get PASSED
test_netmiko_scp.py::test_file_transfer PASSED

============================= 12 passed in 37.26s ==============================
============================= test session starts ==============================
platform linux -- Python 3.10.2, pytest-6.2.5, py-1.11.0, pluggy-1.0.0 -- /home/ktbyers/netmiko/.venv/bin/python3.10
cachedir: .pytest_cache
rootdir: /home/ktbyers/netmiko, configfile: setup.cfg
plugins: pylama-7.7.1
collecting ... collected 24 items

test_netmiko_show.py::test_disable_paging PASSED
test_netmiko_show.py::test_terminal_width PASSED
test_netmiko_show.py::test_ssh_connect PASSED
test_netmiko_show.py::test_ssh_connect_cm PASSED
test_netmiko_show.py::test_send_command_timing PASSED
test_netmiko_show.py::test_send_command_timing_no_cmd_verify SKIPPED
test_netmiko_show.py::test_send_command PASSED
test_netmiko_show.py::test_send_command_no_cmd_verify SKIPPED
test_netmiko_show.py::test_complete_on_space_disabled PASSED
test_netmiko_show.py::test_send_command_textfsm PASSED
test_netmiko_show.py::test_send_command_ttp SKIPPED (TTP template no...)
test_netmiko_show.py::test_send_command_genie SKIPPED (Genie not sup...)
test_netmiko_show.py::test_send_multiline_timing SKIPPED
test_netmiko_show.py::test_send_multiline SKIPPED
test_netmiko_show.py::test_send_multiline_prompt SKIPPED
test_netmiko_show.py::test_send_multiline_simple SKIPPED
test_netmiko_show.py::test_base_prompt PASSED
test_netmiko_show.py::test_strip_prompt PASSED
test_netmiko_show.py::test_strip_command PASSED
test_netmiko_show.py::test_normalize_linefeeds PASSED
test_netmiko_show.py::test_clear_buffer PASSED
test_netmiko_show.py::test_enable_mode PASSED
test_netmiko_show.py::test_disconnect PASSED
test_netmiko_show.py::test_disconnect_no_enable SKIPPED

=========================== short test summary info ============================
SKIPPED [1] test_netmiko_show.py:70: Skipped
SKIPPED [1] test_netmiko_show.py:88: Skipped
SKIPPED [1] test_netmiko_show.py:153: TTP template not existing for this platform
SKIPPED [1] test_netmiko_show.py:193: Genie not supported on this platform
SKIPPED [1] test_netmiko_show.py:213: Skipped
SKIPPED [1] test_netmiko_show.py:229: Skipped
SKIPPED [1] test_netmiko_show.py:254: Skipped
SKIPPED [1] test_netmiko_show.py:278: Skipped
SKIPPED [1] test_netmiko_show.py:380: Skipped
======================== 15 passed, 9 skipped in 38.34s ========================
============================= test session starts ==============================
platform linux -- Python 3.10.2, pytest-6.2.5, py-1.11.0, pluggy-1.0.0 -- /home/ktbyers/netmiko/.venv/bin/python3.10
cachedir: .pytest_cache
rootdir: /home/ktbyers/netmiko, configfile: setup.cfg
plugins: pylama-7.7.1
collecting ... collected 12 items

test_netmiko_config.py::test_ssh_connect PASSED
test_netmiko_config.py::test_enable_mode PASSED
test_netmiko_config.py::test_config_mode PASSED
test_netmiko_config.py::test_exit_config_mode PASSED
test_netmiko_config.py::test_config_set PASSED
test_netmiko_config.py::test_config_set_longcommand PASSED
test_netmiko_config.py::test_config_hostname PASSED
test_netmiko_config.py::test_config_from_file SKIPPED
test_netmiko_config.py::test_config_error_pattern PASSED
test_netmiko_config.py::test_banner SKIPPED (No banner defined.)
test_netmiko_config.py::test_global_cmd_verify SKIPPED (No banner de...)
test_netmiko_config.py::test_disconnect PASSED

=========================== short test summary info ============================
SKIPPED [1] test_netmiko_config.py:115: Skipped
SKIPPED [1] test_netmiko_config.py:161: No banner defined.
SKIPPED [1] test_netmiko_config.py:194: No banner defined.
======================== 9 passed, 3 skipped in 47.88s =========================
============================= test session starts ==============================
platform linux -- Python 3.10.2, pytest-6.2.5, py-1.11.0, pluggy-1.0.0 -- /home/ktbyers/netmiko/.venv/bin/python3.10
cachedir: .pytest_cache
rootdir: /home/ktbyers/netmiko, configfile: setup.cfg
plugins: pylama-7.7.1
collecting ... collected 15 items

test_netmiko_commit.py::test_ssh_connect PASSED
test_netmiko_commit.py::test_config_mode PASSED
test_netmiko_commit.py::test_commit_base PASSED
test_netmiko_commit.py::test_commit_confirm PASSED
test_netmiko_commit.py::test_confirm_delay PASSED
test_netmiko_commit.py::test_no_confirm PASSED
test_netmiko_commit.py::test_clear_msg PASSED
test_netmiko_commit.py::test_commit_check PASSED
test_netmiko_commit.py::test_commit_comment PASSED
test_netmiko_commit.py::test_commit_andquit PASSED
test_netmiko_commit.py::test_commit_label PASSED
test_netmiko_commit.py::test_commit_label_comment SKIPPED
test_netmiko_commit.py::test_commit_label_confirm SKIPPED
test_netmiko_commit.py::test_exit_config_mode PASSED
test_netmiko_commit.py::test_disconnect PASSED

=========================== short test summary info ============================
SKIPPED [1] test_netmiko_commit.py:340: Skipped
SKIPPED [1] test_netmiko_commit.py:373: Skipped
================== 13 passed, 2 skipped in 415.69s (0:06:55) ===================
Autodetect tests
============================= test session starts ==============================
platform linux -- Python 3.10.2, pytest-6.2.5, py-1.11.0, pluggy-1.0.0 -- /home/ktbyers/netmiko/.venv/bin/python3.10
cachedir: .pytest_cache
rootdir: /home/ktbyers/netmiko, configfile: setup.cfg
plugins: pylama-7.7.1
collecting ... collected 1 item

test_netmiko_autodetect.py::test_ssh_connect juniper_junos
PASSED

============================== 1 passed in 9.21s ===============================
