
Last login: Mon Aug  8 21:59:03 2022 from 52.53.155.196
--- JUNOS 18.4R1.8 Kernel 64-bit  JNPR-11.0-20181207.6c2f68b_2_bu
pyclass@vmx1> 

pyclass@vmx1> 

pyclass@vmx1> set cli screen-width 511 
Screen width set to 511

pyclass@vmx1> set cli complete-on-space off 
Disabling complete-on-space

pyclass@vmx1> set cli screen-length 0 
Screen length set to 0

pyclass@vmx1> 

pyclass@vmx1> 

pyclass@vmx1> show version 
Hostname: vmx1
Model: vmx
Junos: 18.4R1.8
JUNOS OS Kernel 64-bit  [20181207.6c2f68b_2_builder_stable_11]
JUNOS OS libs [20181207.6c2f68b_2_builder_stable_11]
JUNOS OS runtime [20181207.6c2f68b_2_builder_stable_11]
JUNOS OS time zone information [20181207.6c2f68b_2_builder_stable_11]
JUNOS network stack and utilities [20181217.004159_builder_junos_184_r1]
JUNOS libs [20181217.004159_builder_junos_184_r1]
JUNOS OS libs compat32 [20181207.6c2f68b_2_builder_stable_11]
JUNOS OS 32-bit compatibility [20181207.6c2f68b_2_builder_stable_11]
JUNOS libs compat32 [20181217.004159_builder_junos_184_r1]
JUNOS runtime [20181217.004159_builder_junos_184_r1]
JUNOS Packet Forwarding Engine Simulation Package [20181217.004159_builder_junos_184_r1]
JUNOS sflow mx [20181217.004159_builder_junos_184_r1]
JUNOS py extensions [20181217.004159_builder_junos_184_r1]
JUNOS py base [20181217.004159_builder_junos_184_r1]
JUNOS OS vmguest [20181207.6c2f68b_2_builder_stable_11]
JUNOS OS crypto [20181207.6c2f68b_2_builder_stable_11]
JUNOS na telemetry [18.4R1.8]
JUNOS mx libs compat32 [20181217.004159_builder_junos_184_r1]
JUNOS mx runtime [20181217.004159_builder_junos_184_r1]
JUNOS common platform support [20181217.004159_builder_junos_184_r1]
JUNOS Openconfig [18.4R1.8]
JUNOS mtx network modules [20181217.004159_builder_junos_184_r1]
JUNOS modules [20181217.004159_builder_junos_184_r1]
JUNOS mx modules [20181217.004159_builder_junos_184_r1]
JUNOS mx libs [20181217.004159_builder_junos_184_r1]
JUNOS SQL Sync Daemon [20181217.004159_builder_junos_184_r1]
JUNOS mtx Data Plane Crypto Support [20181217.004159_builder_junos_184_r1]
JUNOS daemons [20181217.004159_builder_junos_184_r1]
JUNOS mx daemons [20181217.004159_builder_junos_184_r1]
JUNOS -MX appidd application-identification daemon [20181217.004159_builder_junos_184_r1]
JUNOS Simulation Linux Package [20181217.004159_builder_junos_184_r1]
JUNOS Simulation Package [20181217.004159_builder_junos_184_r1]
JUNOS Simulation Package [20181217.004159_builder_junos_184_r1]
JUNOS Services URL Filter package [20181217.004159_builder_junos_184_r1]
JUNOS Services TLB Service PIC package [20181217.004159_builder_junos_184_r1]
JUNOS Services Telemetry [20181217.004159_builder_junos_184_r1]
JUNOS Services TCP-LOG [20181217.004159_builder_junos_184_r1]
JUNOS Services SSL [20181217.004159_builder_junos_184_r1]
JUNOS Services SOFTWIRE [20181217.004159_builder_junos_184_r1]
JUNOS Services Stateful Firewall [20181217.004159_builder_junos_184_r1]
JUNOS Services RTCOM [20181217.004159_builder_junos_184_r1]
JUNOS Services RPM [20181217.004159_builder_junos_184_r1]
JUNOS Services PCEF package [20181217.004159_builder_junos_184_r1]
JUNOS Services NAT [20181217.004159_builder_junos_184_r1]
JUNOS Services Mobile Subscriber Service Container package [20181217.004159_builder_junos_184_r1]
JUNOS Services MobileNext Software package [20181217.004159_builder_junos_184_r1]
JUNOS Services Logging Report Framework package [20181217.004159_builder_junos_184_r1]
JUNOS Services LL-PDF Container package [20181217.004159_builder_junos_184_r1]
JUNOS Services Jflow Container package [20181217.004159_builder_junos_184_r1]
JUNOS Services Deep Packet Inspection package [20181217.004159_builder_junos_184_r1]
JUNOS Services IPSec [20181217.004159_builder_junos_184_r1]
JUNOS Services IDS [20181217.004159_builder_junos_184_r1]
JUNOS IDP Services [20181217.004159_builder_junos_184_r1]
JUNOS Services HTTP Content Management package [20181217.004159_builder_junos_184_r1]
JUNOS Services Flowd MS-MPC Software package [20181217.004159_builder_junos_184_r1]
JUNOS Services Crypto [20181217.004159_builder_junos_184_r1]
JUNOS Services Captive Portal and Content Delivery Container package [20181217.004159_builder_junos_184_r1]
JUNOS Services COS [20181217.004159_builder_junos_184_r1]
JUNOS AppId Services [20181217.004159_builder_junos_184_r1]
JUNOS Services Application Level Gateways [20181217.004159_builder_junos_184_r1]
JUNOS Services AACL Container package [20181217.004159_builder_junos_184_r1]
JUNOS Extension Toolkit [20181217.004159_builder_junos_184_r1]
JUNOS J-Insight [20181217.004159_builder_junos_184_r1]
JUNOS Online Documentation [20181217.004159_builder_junos_184_r1]
JUNOS jail runtime [20181207.6c2f68b_2_builder_stable_11]
JUNOS FIPS mode utilities [20181217.004159_builder_junos_184_r1]

pyclass@vmx1> 

pyclass@vmx1> 

pyclass@vmx1> configure 
Entering configuration mode
The configuration has been changed but not committed

[edit]
pyclass@vmx1# 

[edit]
pyclass@vmx1# 

[edit]
pyclass@vmx1# 

[edit]
pyclass@vmx1# exit configuration-mode 
The configuration has been changed but not committed
Exiting configuration mode

pyclass@vmx1> 

pyclass@vmx1> 

pyclass@vmx1> 

pyclass@vmx1> configure 
Entering configuration mode
The configuration has been changed but not committed

[edit]
pyclass@vmx1# 

[edit]
pyclass@vmx1# set system syslog archive size 110k files 3 

[edit]
pyclass@vmx1# 

[edit]
pyclass@vmx1# exit configuration-mode 
The configuration has been changed but not committed
Exiting configuration mode

pyclass@vmx1> 

pyclass@vmx1> 

pyclass@vmx1> configure 
Entering configuration mode
The configuration has been changed but not committed

[edit]
pyclass@vmx1# 

[edit]
pyclass@vmx1# 

[edit]
pyclass@vmx1# commit 
commit complete

[edit]
pyclass@vmx1# 

[edit]
pyclass@vmx1# run show configuration | match archive 
        archive size 110k files 3;

[edit]
pyclass@vmx1# 

[edit]
pyclass@vmx1# set system syslog archive size 110k files 3 

[edit]
pyclass@vmx1# set system time-zone America/New_York 

[edit]
pyclass@vmx1# set system syslog archive size 120k files 3 

[edit]
pyclass@vmx1# 

[edit]
pyclass@vmx1# exit configuration-mode 
The configuration has been changed but not committed
Exiting configuration mode

pyclass@vmx1> 

pyclass@vmx1> 

pyclass@vmx1> configure 
Entering configuration mode
The configuration has been changed but not committed

[edit]
pyclass@vmx1# 

[edit]
pyclass@vmx1# 

[edit]
pyclass@vmx1# commit 
commit complete

[edit]
pyclass@vmx1# 

[edit]
pyclass@vmx1# run show configuration | match archive 
        archive size 120k files 3;

[edit]
pyclass@vmx1# 

[edit]
pyclass@vmx1# set system syslog archive size 110k files 3 

[edit]
pyclass@vmx1# 

[edit]
pyclass@vmx1# exit configuration-mode 
The configuration has been changed but not committed
Exiting configuration mode

pyclass@vmx1> 

pyclass@vmx1> 

pyclass@vmx1> configure 
Entering configuration mode
The configuration has been changed but not committed

[edit]
pyclass@vmx1# 

[edit]
pyclass@vmx1# 

[edit]
pyclass@vmx1# commit 
commit complete

[edit]
pyclass@vmx1# 

[edit]
pyclass@vmx1# run show configuration | match archive 
        archive size 110k files 3;

[edit]
pyclass@vmx1# 

[edit]
pyclass@vmx1# set system syslog archive size 110k files 3 

[edit]
pyclass@vmx1# set system time-zone America/New_York 

[edit]
pyclass@vmx1# set system syslog archive size 120k files 3 

[edit]
pyclass@vmx1# 

[edit]
pyclass@vmx1# exit configuration-mode 
The configuration has been changed but not committed
Exiting configuration mode

pyclass@vmx1> 

pyclass@vmx1> 

pyclass@vmx1> configure 
Entering configuration mode
The configuration has been changed but not committed

[edit]
pyclass@vmx1# 

[edit]
pyclass@vmx1# 

[edit]
pyclass@vmx1# commit 
commit complete

[edit]
pyclass@vmx1# 

[edit]
pyclass@vmx1# run show configuration | match archive 
        archive size 120k files 3;

[edit]
pyclass@vmx1# 

[edit]
pyclass@vmx1# set system syslog archive size 110k files 3 

[edit]
pyclass@vmx1# set system time-zone America/New_York 

[edit]
pyclass@vmx1# set system syslog archive size 120k files 3 

[edit]
pyclass@vmx1# invalid
              ^
unknown command.

[edit]
pyclass@vmx1# 

[edit]
pyclass@vmx1# exit configuration-mode 
The configuration has been changed but not committed
Exiting configuration mode

pyclass@vmx1> 

pyclass@vmx1> 

pyclass@vmx1> configure 
Entering configuration mode
The configuration has been changed but not committed

[edit]
pyclass@vmx1# 

[edit]
pyclass@vmx1# set system syslog archive size 110k files 3 

[edit]
pyclass@vmx1# set system time-zone America/New_York 

[edit]
pyclass@vmx1# set system syslog archive size 120k files 3 

[edit]
pyclass@vmx1# invalid
              ^
unknown command.

[edit]
pyclass@vmx1# 

[edit]
pyclass@vmx1# set system syslog archive size 110k files 3 

[edit]
pyclass@vmx1# set system time-zone America/New_York 

[edit]
pyclass@vmx1# set system syslog archive size 120k files 3 

[edit]
pyclass@vmx1# invalid
              ^
unknown command.

[edit]
pyclass@vmx1# 

[edit]
pyclass@vmx1# 

[edit]
pyclass@vmx1# exit configuration-mode 
The configuration has been changed but not committed
Exiting configuration mode

pyclass@vmx1> 

pyclass@vmx1> 