


RP/0/RP0/CPU0:iosxr3#

RP/0/RP0/CPU0:iosxr3#show version

Tue Aug  9 18:17:22.494 UTC
Cisco IOS XR Software, Version 6.5.3
Copyright (c) 2013-2019 by Cisco Systems, Inc.

Build Information:
 Built By     : ahoang
 Built On     : Tue Mar 26 06:52:25 PDT 2019
 Built Host   : iox-ucs-019
 Workspace    : /auto/srcarchive13/prod/6.5.3/xrv9k/ws
 Version      : 6.5.3
 Location     : /opt/cisco/XR/packages/

cisco IOS-XRv 9000 () processor
System uptime is 1 year 4 weeks 6 days 1 hour 9 minutes


RP/0/RP0/CPU0:iosxr3#