{
    "documents": [
        {
            "description": "FullDocument",
            "doc_number": "EP1000000A1",
            "formats": [
                "application/pdf",
                "application/tiff"
            ],
            "link": "published-data/images/EP/1000000/A1/fullimage",
            "num_pages": 12,
            "sections": [
                {
                    "name": "ABSTRACT",
                    "start_page": 1
                },
                {
                    "name": "BIBLIOGRAPHY",
                    "start_page": 1
                },
                {
                    "name": "CLAIMS",
                    "start_page": 3
                },
                {
                    "name": "DESCRIPTION",
                    "start_page": 2
                },
                {
                    "name": "DRAWINGS",
                    "start_page": 5
                },
                {
                    "name": "SEARCH_REPORT",
                    "start_page": 11
                }
            ]
        },
        {
            "description": "Drawing",
            "doc_number": "EP1000000A1",
            "formats": [
                "application/pdf",
                "application/tiff"
            ],
            "link": "published-data/images/EP/1000000/A1/thumbnail",
            "num_pages": 6,
            "sections": [
                {
                    "name": "DRAWINGS",
                    "start_page": 1
                }
            ]
        },
        {
            "description": "FirstPageClipping",
            "doc_number": "EP1000000PA",
            "formats": [
                "application/pdf",
                "application/tiff",
                "image/jpeg",
                "image/png"
            ],
            "link": "published-data/images/EP/1000000/PA/firstpage",
            "num_pages": 1,
            "sections": [
                {
                    "name": "ABSTRACT",
                    "start_page": 1
                },
                {
                    "name": "BIBLIOGRAPHY",
                    "start_page": 1
                }
            ]
        }
    ],
    "publication_reference": {
        "country": "EP",
        "date": null,
        "doc_type": "document",
        "id_type": "docdb",
        "kind": "A1",
        "name": null,
        "number": "1000000"
    },
    "search_reference": {
        "country": "EP",
        "date": null,
        "doc_type": "document",
        "id_type": "docdb",
        "kind": "A1",
        "name": null,
        "number": "1000000"
    }
}
