Type help or '?' for a list of available commands.
pynet-asa1> show curpriv
Username : pyclass
Current privilege level : 1
Current Mode/s : P_UNPR
pynet-asa1> 
pynet-asa1> 
pynet-asa1> enable
Password: **********
pynet-asa1# terminal pager 0
pynet-asa1# 
pynet-asa1# configure terminal
pynet-asa1(config)# 
pynet-asa1(config)# terminal width 511
pynet-asa1(config)# 
pynet-asa1(config)# end
pynet-asa1# 
pynet-asa1# 
pynet-asa1# 
pynet-asa1# configure terminal
pynet-asa1(config)# 
pynet-asa1(config)# clear configure access-list netmiko_test_large_acl
pynet-asa1(config)# 
pynet-asa1(config)# end
pynet-asa1# 
pynet-asa1# 
pynet-asa1# exit
