twb-sf-hpsw1# ProCurve J9019A Switch 2510-24

Software revision Q.10.01


Copyright (C) 1991-2006 Hewlett-Packard Co.  All Rights Reserved.

                           RESTRICTED RIGHTS LEGEND

 Use, duplication, or disclosure by the Government is subject to restrictions
 as set forth in subdivision (b) (3) (ii) of the Rights in Technical Data and
 Computer Software clause at 52.227-7013.

         HEWLETT-PACKARD COMPANY, 3000 Hanover St., Palo Alto, CA 94303

Press any key to continuetwb-sf-hpsw1# 
twb-sf-hpsw1# terminal width 511
twb-sf-hpsw1# 
twb-sf-hpsw1# no page
twb-sf-hpsw1# 
twb-sf-hpsw1# configure terminal
twb-sf-hpsw1(config)# 
twb-sf-hpsw1(config)# no sntp server 128.118.25.3
twb-sf-hpsw1(config)# sntp server 128.118.25.3
twb-sf-hpsw1(config)# no sntp server 128.118.25.3
twb-sf-hpsw1(config)# sntp server 128.118.25.3
twb-sf-hpsw1(config)# no sntp server 128.118.25.3
twb-sf-hpsw1(config)# sntp server 128.118.25.3
twb-sf-hpsw1(config)# no sntp server 128.118.25.3
twb-sf-hpsw1(config)# sntp server 128.118.25.3
twb-sf-hpsw1(config)# no sntp server 128.118.25.3
twb-sf-hpsw1(config)# sntp server 128.118.25.3
twb-sf-hpsw1(config)# no sntp server 128.118.25.3
twb-sf-hpsw1(config)# sntp server 128.118.25.3
twb-sf-hpsw1(config)# no sntp server 128.118.25.3
twb-sf-hpsw1(config)# sntp server 128.118.25.3
twb-sf-hpsw1(config)# no sntp server 128.118.25.3
twb-sf-hpsw1(config)# sntp server 128.118.25.3
twb-sf-hpsw1(config)# no sntp server 128.118.25.3
twb-sf-hpsw1(config)# sntp server 128.118.25.3
twb-sf-hpsw1(config)# no sntp server 128.118.25.3
twb-sf-hpsw1(config)# sntp server 128.118.25.3
twb-sf-hpsw1(config)# no sntp server 128.118.25.3
twb-sf-hpsw1(config)# sntp server 128.118.25.3
twb-sf-hpsw1(config)# no sntp server 128.118.25.3
twb-sf-hpsw1(config)# sntp server 128.118.25.3
twb-sf-hpsw1(config)# no sntp server 128.118.25.3
twb-sf-hpsw1(config)# sntp server 128.118.25.3
twb-sf-hpsw1(config)# no sntp server 128.118.25.3
twb-sf-hpsw1(config)# sntp server 128.118.25.3
twb-sf-hpsw1(config)# no sntp server 128.118.25.3
twb-sf-hpsw1(config)# sntp server 128.118.25.3
twb-sf-hpsw1(config)# no sntp server 128.118.25.3
twb-sf-hpsw1(config)# sntp server 128.118.25.3
twb-sf-hpsw1(config)# no sntp server 128.118.25.3
twb-sf-hpsw1(config)# sntp server 128.118.25.3
twb-sf-hpsw1(config)# no sntp server 128.118.25.3
twb-sf-hpsw1(config)# sntp server 128.118.25.3
twb-sf-hpsw1(config)# no sntp server 128.118.25.3
twb-sf-hpsw1(config)# sntp server 128.118.25.3
twb-sf-hpsw1(config)# no sntp server 128.118.25.3
twb-sf-hpsw1(config)# sntp server 128.118.25.3
twb-sf-hpsw1(config)# no sntp server 128.118.25.3
twb-sf-hpsw1(config)# sntp server 128.118.25.3
twb-sf-hpsw1(config)# no sntp server 128.118.25.3
twb-sf-hpsw1(config)# sntp server 128.118.25.3
twb-sf-hpsw1(config)# no sntp server 128.118.25.3
twb-sf-hpsw1(config)# sntp server 128.118.25.3
twb-sf-hpsw1(config)# no sntp server 128.118.25.3
twb-sf-hpsw1(config)# sntp server 128.118.25.3
twb-sf-hpsw1(config)# no sntp server 128.118.25.3
twb-sf-hpsw1(config)# sntp server 128.118.25.3
twb-sf-hpsw1(config)# no sntp server 128.118.25.3
twb-sf-hpsw1(config)# sntp server 128.118.25.3
twb-sf-hpsw1(config)# no sntp server 128.118.25.3
twb-sf-hpsw1(config)# sntp server 128.118.25.3
twb-sf-hpsw1(config)# no sntp server 128.118.25.3
twb-sf-hpsw1(config)# sntp server 128.118.25.3
twb-sf-hpsw1(config)# no sntp server 128.118.25.3
twb-sf-hpsw1(config)# sntp server 128.118.25.3
twb-sf-hpsw1(config)# no sntp server 128.118.25.3
twb-sf-hpsw1(config)# sntp server 128.118.25.3
twb-sf-hpsw1(config)# no sntp server 128.118.25.3
twb-sf-hpsw1(config)# sntp server 128.118.25.3
twb-sf-hpsw1(config)# no sntp server 128.118.25.3
twb-sf-hpsw1(config)# sntp server 128.118.25.3
twb-sf-hpsw1(config)# no sntp server 128.118.25.3
twb-sf-hpsw1(config)# sntp server 128.118.25.3
twb-sf-hpsw1(config)# no sntp server 128.118.25.3
twb-sf-hpsw1(config)# sntp server 128.118.25.3
twb-sf-hpsw1(config)# no sntp server 128.118.25.3
twb-sf-hpsw1(config)# sntp server 128.118.25.3
twb-sf-hpsw1(config)# no sntp server 128.118.25.3
twb-sf-hpsw1(config)# sntp server 128.118.25.3
twb-sf-hpsw1(config)# no sntp server 128.118.25.3
twb-sf-hpsw1(config)# sntp server 128.118.25.3
twb-sf-hpsw1(config)# no sntp server 128.118.25.3
twb-sf-hpsw1(config)# sntp server 128.118.25.3
twb-sf-hpsw1(config)# no sntp server 128.118.25.3
twb-sf-hpsw1(config)# sntp server 128.118.25.3
twb-sf-hpsw1(config)# no sntp server 128.118.25.3
twb-sf-hpsw1(config)# sntp server 128.118.25.3
twb-sf-hpsw1(config)# no sntp server 128.118.25.3
twb-sf-hpsw1(config)# sntp server 128.118.25.3
twb-sf-hpsw1(config)# no sntp server 128.118.25.3
twb-sf-hpsw1(config)# sntp server 128.118.25.3
twb-sf-hpsw1(config)# no sntp server 128.118.25.3
twb-sf-hpsw1(config)# sntp server 128.118.25.3
twb-sf-hpsw1(config)# no sntp server 128.118.25.3
twb-sf-hpsw1(config)# sntp server 128.118.25.3
twb-sf-hpsw1(config)# no sntp server 128.118.25.3
twb-sf-hpsw1(config)# sntp server 128.118.25.3
twb-sf-hpsw1(config)# no sntp server 128.118.25.3
twb-sf-hpsw1(config)# sntp server 128.118.25.3
twb-sf-hpsw1(config)# no sntp server 128.118.25.3
twb-sf-hpsw1(config)# sntp server 128.118.25.3
twb-sf-hpsw1(config)# no sntp server 128.118.25.3
twb-sf-hpsw1(config)# sntp server 128.118.25.3
twb-sf-hpsw1(config)# no sntp server 128.118.25.3
twb-sf-hpsw1(config)# sntp server 128.118.25.3
twb-sf-hpsw1(config)# no sntp server 128.118.25.3
twb-sf-hpsw1(config)# sntp server 128.118.25.3
twb-sf-hpsw1(config)# 
twb-sf-hpsw1(config)# end
twb-sf-hpsw1# 
twb-sf-hpsw1# 
twb-sf-hpsw1# logout
Do you want to log out [y/n]? 