{
  "family_members": [
    {
      "application_number": "EP99203729A",
      "application_reference": [
        {
          "country": "EP",
          "date": "1999-11-08",
          "doc_type": "country",
          "id_type": "docdb",
          "kind": "A",
          "name": null,
          "number": "99203729"
        }
      ],
      "family_id": "19768124",
      "priority_claims": [
        {
          "active": true,
          "application_number": "NL1010536A",
          "application_reference": {
            "country": "NL",
            "date": "1998-11-12",
            "doc_type": "country",
            "id_type": "docdb",
            "kind": "A",
            "name": null,
            "number": "1010536"
          },
          "kind": "national",
          "sequence": 1
        }
      ],
      "publication_number": "EP1000000A1",
      "publication_reference": [
        {
          "country": "EP",
          "date": "2000-05-17",
          "doc_type": "country",
          "id_type": "docdb",
          "kind": "A1",
          "name": null,
          "number": "1000000"
        },
        {
          "country": null,
          "date": "2000-05-17",
          "doc_type": "doc",
          "id_type": "epodoc",
          "kind": null,
          "name": null,
          "number": "EP1000000"
        }
      ]
    },
    {
      "application_number": "EP99203729A",
      "application_reference": [
        {
          "country": "EP",
          "date": "1999-11-08",
          "doc_type": "country",
          "id_type": "docdb",
          "kind": "A",
          "name": null,
          "number": "99203729"
        }
      ],
      "family_id": "19768124",
      "priority_claims": [
        {
          "active": true,
          "application_number": "NL1010536A",
          "application_reference": {
            "country": "NL",
            "date": "1998-11-12",
            "doc_type": "country",
            "id_type": "docdb",
            "kind": "A",
            "name": null,
            "number": "1010536"
          },
          "kind": "national",
          "sequence": 1
        }
      ],
      "publication_number": "EP1000000B1",
      "publication_reference": [
        {
          "country": "EP",
          "date": "2003-02-12",
          "doc_type": "country",
          "id_type": "docdb",
          "kind": "B1",
          "name": null,
          "number": "1000000"
        },
        {
          "country": null,
          "date": "2003-02-12",
          "doc_type": "doc",
          "id_type": "epodoc",
          "kind": null,
          "name": null,
          "number": "EP1000000"
        }
      ]
    },
    {
      "application_number": "AT99203729T",
      "application_reference": [
        {
          "country": "AT",
          "date": "1999-11-08",
          "doc_type": "country",
          "id_type": "docdb",
          "kind": "T",
          "name": null,
          "number": "99203729"
        }
      ],
      "family_id": "19768124",
      "priority_claims": [
        {
          "active": true,
          "application_number": "NL1010536A",
          "application_reference": {
            "country": "NL",
            "date": "1998-11-12",
            "doc_type": "country",
            "id_type": "docdb",
            "kind": "A",
            "name": null,
            "number": "1010536"
          },
          "kind": "national",
          "sequence": 1
        }
      ],
      "publication_number": "AT232441T",
      "publication_reference": [
        {
          "country": "AT",
          "date": "2003-02-15",
          "doc_type": "country",
          "id_type": "docdb",
          "kind": "T",
          "name": null,
          "number": "232441"
        },
        {
          "country": null,
          "date": "2003-02-15",
          "doc_type": "doc",
          "id_type": "epodoc",
          "kind": null,
          "name": null,
          "number": "AT232441"
        }
      ]
    },
    {
      "application_number": "DE69905327T",
      "application_reference": [
        {
          "country": "DE",
          "date": "1999-11-08",
          "doc_type": "country",
          "id_type": "docdb",
          "kind": "T",
          "name": null,
          "number": "69905327"
        }
      ],
      "family_id": "19768124",
      "priority_claims": [
        {
          "active": true,
          "application_number": "NL1010536A",
          "application_reference": {
            "country": "NL",
            "date": "1998-11-12",
            "doc_type": "country",
            "id_type": "docdb",
            "kind": "A",
            "name": null,
            "number": "1010536"
          },
          "kind": "national",
          "sequence": 1
        }
      ],
      "publication_number": "DE69905327D1",
      "publication_reference": [
        {
          "country": "DE",
          "date": "2003-03-20",
          "doc_type": "country",
          "id_type": "docdb",
          "kind": "D1",
          "name": null,
          "number": "69905327"
        },
        {
          "country": null,
          "date": "2003-03-20",
          "doc_type": "doc",
          "id_type": "epodoc",
          "kind": null,
          "name": null,
          "number": "DE69905327D1"
        }
      ]
    },
    {
      "application_number": "NL1010536A",
      "application_reference": [
        {
          "country": "NL",
          "date": "1998-11-12",
          "doc_type": "country",
          "id_type": "docdb",
          "kind": "A",
          "name": null,
          "number": "1010536"
        }
      ],
      "family_id": "19768124",
      "priority_claims": [
        {
          "active": true,
          "application_number": "NL1010536A",
          "application_reference": {
            "country": "NL",
            "date": "1998-11-12",
            "doc_type": "country",
            "id_type": "docdb",
            "kind": "A",
            "name": null,
            "number": "1010536"
          },
          "kind": "national",
          "sequence": 1
        }
      ],
      "publication_number": "NL1010536C2",
      "publication_reference": [
        {
          "country": "NL",
          "date": "2000-05-15",
          "doc_type": "country",
          "id_type": "docdb",
          "kind": "C2",
          "name": null,
          "number": "1010536"
        },
        {
          "country": null,
          "date": "2000-05-15",
          "doc_type": "doc",
          "id_type": "epodoc",
          "kind": null,
          "name": null,
          "number": "NL1010536C"
        }
      ]
    },
    {
      "application_number": "US20685698A",
      "application_reference": [
        {
          "country": "US",
          "date": "1998-12-08",
          "doc_type": "country",
          "id_type": "docdb",
          "kind": "A",
          "name": null,
          "number": "20685698"
        }
      ],
      "family_id": "19768124",
      "priority_claims": [
        {
          "active": true,
          "application_number": "NL1010536A",
          "application_reference": {
            "country": "NL",
            "date": "1998-11-12",
            "doc_type": "country",
            "id_type": "docdb",
            "kind": "A",
            "name": null,
            "number": "1010536"
          },
          "kind": "national",
          "sequence": 1
        }
      ],
      "publication_number": "US6093011A",
      "publication_reference": [
        {
          "country": "US",
          "date": "2000-07-25",
          "doc_type": "country",
          "id_type": "docdb",
          "kind": "A",
          "name": null,
          "number": "6093011"
        },
        {
          "country": null,
          "date": "2000-07-25",
          "doc_type": "doc",
          "id_type": "epodoc",
          "kind": null,
          "name": null,
          "number": "US6093011"
        }
      ]
    }
  ],
  "num_records": 6,
  "publication_number": "EP1000000A1",
  "publication_reference": {
    "country": "EP",
    "date": null,
    "doc_type": "document",
    "id_type": "docdb",
    "kind": "A1",
    "name": null,
    "number": "1000000"
  }
}